Archive member included because of file (symbol)

D:/Daten/Projekte/Arduino/DarkSkyOne/Release/arduino.ar(variant.cpp.o)
                              ./utils/LogUtils.cpp.o (Serial)
D:/Daten/Projekte/Arduino/DarkSkyOne/Release/arduino.ar(Print.cpp.o)
                              ./libraries/SCoop/SCoop.cpp.o (Print::print(unsigned long, int))
D:/Daten/Projekte/Arduino/DarkSkyOne/Release/arduino.ar(RingBuffer.cpp.o)
                              D:/Daten/Projekte/Arduino/DarkSkyOne/Release/arduino.ar(variant.cpp.o) (RingBuffer::RingBuffer())
D:/Daten/Projekte/Arduino/DarkSkyOne/Release/arduino.ar(UARTClass.cpp.o)
                              D:/Daten/Projekte/Arduino/DarkSkyOne/Release/arduino.ar(variant.cpp.o) (UARTClass::UARTClass(Uart*, IRQn, unsigned long, RingBuffer*))
D:/Daten/Projekte/Arduino/DarkSkyOne/Release/arduino.ar(USARTClass.cpp.o)
                              D:/Daten/Projekte/Arduino/DarkSkyOne/Release/arduino.ar(variant.cpp.o) (USARTClass::USARTClass(Usart*, IRQn, unsigned long, RingBuffer*))
D:/Daten/Projekte/Arduino/DarkSkyOne/Release/arduino.ar(WString.cpp.o)
                              D:/Daten/Projekte/Arduino/DarkSkyOne/Release/arduino.ar(Print.cpp.o) (String::operator[](unsigned int) const)
D:/Daten/Projekte/Arduino/DarkSkyOne/Release/arduino.ar(cxxabi-compat.cpp.o)
                              D:/Daten/Projekte/Arduino/DarkSkyOne/Release/arduino.ar(Print.cpp.o) (__cxa_pure_virtual)
D:/Daten/Projekte/Arduino/DarkSkyOne/Release/arduino.ar(itoa.c.o)
                              D:/Daten/Projekte/Arduino/DarkSkyOne/Release/arduino.ar(WString.cpp.o) (ltoa)
D:/Daten/Projekte/Arduino/DarkSkyOne/Release/arduino.ar(wiring.c.o)
                              ./libraries/SCoop/SCoop.cpp.o (micros)
D:/Daten/Projekte/Arduino/DarkSkyOne/Release/arduino.ar(wiring_analog.c.o)
                              D:/Daten/Projekte/Arduino/DarkSkyOne/Release/arduino.ar(variant.cpp.o) (analogOutputInit)
D:/Daten/Projekte/Arduino/DarkSkyOne/Release/arduino.ar(wiring_digital.c.o)
                              ./utils/LogUtils.cpp.o (digitalWrite)
C:/Applications/arduino-1.5.2/hardware/arduino/sam/variants/arduino_due_x/libsam_sam3x8e_gcc_rel.a(pio.o)
                              D:/Daten/Projekte/Arduino/DarkSkyOne/Release/arduino.ar(wiring_digital.c.o) (PIO_PullUp)
C:/Applications/arduino-1.5.2/hardware/arduino/sam/variants/arduino_due_x/libsam_sam3x8e_gcc_rel.a(pmc.o)
                              ./libraries/Due-RTC/rtc_clock.cpp.o (pmc_switch_sclk_to_32kxtal)
C:/Applications/arduino-1.5.2/hardware/arduino/sam/variants/arduino_due_x/libsam_sam3x8e_gcc_rel.a(pwmc.o)
                              D:/Daten/Projekte/Arduino/DarkSkyOne/Release/arduino.ar(wiring_analog.c.o) (PWMC_ConfigureChannel)
C:/Applications/arduino-1.5.2/hardware/arduino/sam/variants/arduino_due_x/libsam_sam3x8e_gcc_rel.a(rtc.o)
                              ./libraries/Due-RTC/rtc_clock.cpp.o (RTC_SetHourMode)
C:/Applications/arduino-1.5.2/hardware/arduino/sam/variants/arduino_due_x/libsam_sam3x8e_gcc_rel.a(tc.o)
                              D:/Daten/Projekte/Arduino/DarkSkyOne/Release/arduino.ar(wiring_analog.c.o) (TC_Configure)
C:/Applications/arduino-1.5.2/hardware/arduino/sam/variants/arduino_due_x/libsam_sam3x8e_gcc_rel.a(timetick.o)
                              D:/Daten/Projekte/Arduino/DarkSkyOne/Release/arduino.ar(wiring.c.o) (GetTickCount)
C:/Applications/arduino-1.5.2/hardware/arduino/sam/variants/arduino_due_x/libsam_sam3x8e_gcc_rel.a(wdt.o)
                              D:/Daten/Projekte/Arduino/DarkSkyOne/Release/arduino.ar(variant.cpp.o) (WDT_Disable)
C:/Applications/arduino-1.5.2/hardware/arduino/sam/variants/arduino_due_x/libsam_sam3x8e_gcc_rel.a(system_sam3xa.o)
                              D:/Daten/Projekte/Arduino/DarkSkyOne/Release/arduino.ar(variant.cpp.o) (SystemInit)
C:/Applications/arduino-1.5.2/hardware/arduino/sam/variants/arduino_due_x/libsam_sam3x8e_gcc_rel.a(startup_sam3xa.o)
                              (Reset_Handler)
C:/Applications/arduino-1.5.2/hardware/arduino/sam/variants/arduino_due_x/libsam_sam3x8e_gcc_rel.a(adc.o)
                              D:/Daten/Projekte/Arduino/DarkSkyOne/Release/arduino.ar(variant.cpp.o) (adc_init)
C:/Applications/arduino-1.5.2/hardware/arduino/sam/variants/arduino_due_x/libsam_sam3x8e_gcc_rel.a(uotghs.o)
                              C:/Applications/arduino-1.5.2/hardware/arduino/sam/variants/arduino_due_x/libsam_sam3x8e_gcc_rel.a(startup_sam3xa.o) (UOTGHS_Handler)
C:/Applications/arduino-1.5.2/hardware/arduino/sam/variants/arduino_due_x/libsam_sam3x8e_gcc_rel.a(dacc.o)
                              D:/Daten/Projekte/Arduino/DarkSkyOne/Release/arduino.ar(wiring_analog.c.o) (dacc_reset)
D:/Daten/Projekte/Arduino/DarkSkyOne/Release/arduino.ar(WInterrupts.c.o)
                              C:/Applications/arduino-1.5.2/hardware/arduino/sam/variants/arduino_due_x/libsam_sam3x8e_gcc_rel.a(startup_sam3xa.o) (PIOA_Handler)
[...]
Memory Configuration

Name             Origin             Length             Attributes
rom              0x00080000         0x00080000         xr
sram0            0x20000000         0x00010000         xrw
sram1            0x20080000         0x00008000         xrw
ram              0x20070000         0x00018000         xrw
*default*        0x00000000         0xffffffff

Linker script and memory map

LOAD c:/applications/arduino-1.5.2/hardware/tools/g++_arm_none_eabi/bin/../lib/gcc/arm-none-eabi/4.4.1/thumb2/crti.o
LOAD c:/applications/arduino-1.5.2/hardware/tools/g++_arm_none_eabi/bin/../lib/gcc/arm-none-eabi/4.4.1/thumb2/crtbegin.o
LOAD c:/applications/arduino-1.5.2/hardware/tools/g++_arm_none_eabi/bin/../lib/gcc/arm-none-eabi/4.4.1/thumb2\libgcc.a
START GROUP
LOAD D:/Daten/Projekte/Arduino/DarkSkyOne/Release/arduino/syscalls_sam3.c.o
LOAD ./utils/LogUtils.cpp.o
LOAD ./libraries/Scheduler/Mutex.cpp.o
LOAD ./libraries/Scheduler/Scheduler.cpp.o
LOAD ./libraries/SCoop/SCoop.cpp.o
LOAD ./libraries/Due-RTC/rtc_clock.cpp.o
LOAD ./comstack/ComDataLink.cpp.o
LOAD ./comstack/ComNetwork.cpp.o
LOAD ./comstack/ComStack.cpp.o
LOAD ./comstack/ComTCP.cpp.o
LOAD ./comstack/ComUDP.cpp.o
LOAD ./DarkSkyOne.cpp.o
LOAD D:/Daten/Projekte/Arduino/DarkSkyOne/Release/arduino.ar
LOAD C:/Applications/arduino-1.5.2/hardware/arduino/sam/variants/arduino_due_x/libsam_sam3x8e_gcc_rel.a
LOAD D:/Daten/Projekte/Arduino/DarkSkyOne/Release/arduino.ar
END GROUP
LOAD c:/applications/arduino-1.5.2/hardware/tools/g++_arm_none_eabi/bin/../lib/gcc/arm-none-eabi/4.4.1/../../../../arm-none-eabi/lib/thumb2\libstdc++.a
LOAD c:/applications/arduino-1.5.2/hardware/tools/g++_arm_none_eabi/bin/../lib/gcc/arm-none-eabi/4.4.1/../../../../arm-none-eabi/lib/thumb2\libm.a
START GROUP
LOAD c:/applications/arduino-1.5.2/hardware/tools/g++_arm_none_eabi/bin/../lib/gcc/arm-none-eabi/4.4.1/thumb2\libgcc.a
LOAD c:/applications/arduino-1.5.2/hardware/tools/g++_arm_none_eabi/bin/../lib/gcc/arm-none-eabi/4.4.1/../../../../arm-none-eabi/lib/thumb2\libc.a
END GROUP
LOAD c:/applications/arduino-1.5.2/hardware/tools/g++_arm_none_eabi/bin/../lib/gcc/arm-none-eabi/4.4.1/thumb2/crtend.o
LOAD c:/applications/arduino-1.5.2/hardware/tools/g++_arm_none_eabi/bin/../lib/gcc/arm-none-eabi/4.4.1/thumb2/crtn.o

.text           0x00080000    0x1296c
                0x00080000                . = ALIGN (0x4)
                0x00080000                _sfixed = .
 *(.vectors .vectors.*)
 .vectors       0x00080000       0xf4 C:/Applications/arduino-1.5.2/hardware/arduino/sam/variants/arduino_due_x/libsam_sam3x8e_gcc_rel.a(startup_sam3xa.o)
                0x00080000                exception_table
 *(.text .text.* .gnu.linkonce.t.*)
 .text          0x000800f4       0x30 c:/applications/arduino-1.5.2/hardware/tools/g++_arm_none_eabi/bin/../lib/gcc/arm-none-eabi/4.4.1/thumb2/crtbegin.o
 .text._sbrk    0x00080124       0x20 D:/Daten/Projekte/Arduino/DarkSkyOne/Release/arduino/syscalls_sam3.c.o
                0x00080124                _sbrk
 .text._close   0x00080144        0x6 D:/Daten/Projekte/Arduino/DarkSkyOne/Release/arduino/syscalls_sam3.c.o
                0x00080144                _close
 .text._fstat   0x0008014a        0xa D:/Daten/Projekte/Arduino/DarkSkyOne/Release/arduino/syscalls_sam3.c.o
                0x0008014a                _fstat
 .text._isatty  0x00080154        0x4 D:/Daten/Projekte/Arduino/DarkSkyOne/Release/arduino/syscalls_sam3.c.o
                0x00080154                _isatty
 .text._lseek   0x00080158        0x4 D:/Daten/Projekte/Arduino/DarkSkyOne/Release/arduino/syscalls_sam3.c.o
                0x00080158                _lseek
 .text._read    0x0008015c        0x4 D:/Daten/Projekte/Arduino/DarkSkyOne/Release/arduino/syscalls_sam3.c.o
                0x0008015c                _read
 .text._write   0x00080160       0x20 D:/Daten/Projekte/Arduino/DarkSkyOne/Release/arduino/syscalls_sam3.c.o
                0x00080160                _write
 .text._kill    0x00080180        0x2 D:/Daten/Projekte/Arduino/DarkSkyOne/Release/arduino/syscalls_sam3.c.o
                0x00080180                _kill
 .text._getpid  0x00080182        0x6 D:/Daten/Projekte/Arduino/DarkSkyOne/Release/arduino/syscalls_sam3.c.o
                0x00080182                _getpid
 .text._exit    0x00080188       0x10 D:/Daten/Projekte/Arduino/DarkSkyOne/Release/arduino/syscalls_sam3.c.o
                0x00080188                _exit
 .text._ZN8LogUtils11setLogLevelENS_8LogLevelE
                0x00080198        0xc ./utils/LogUtils.cpp.o
                0x00080198                LogUtils::setLogLevel(LogUtils::LogLevel)
 .text._ZN9QueueListI6StringED1Ev
                0x000801a4       0x28 ./utils/LogUtils.cpp.o
                0x000801a4                QueueList<String>::~QueueList()
 .text._ZNK9QueueListI6StringE5blinkEv
                0x000801cc       0x28 ./utils/LogUtils.cpp.o
                0x000801cc                QueueList<String>::blink() const
 .text._ZN8LogUtilsD0Ev
                0x000801f4       0x20 ./utils/LogUtils.cpp.o
                0x000801f4                LogUtils::~LogUtils()
 .text._ZN8LogUtilsD1Ev
                0x00080214       0x1c ./utils/LogUtils.cpp.o
                0x00080214                LogUtils::~LogUtils()
 .text.T.36     0x00080230       0x10 ./utils/LogUtils.cpp.o
 .text._ZN8LogUtilsC1Ev
                0x00080240       0x54 ./utils/LogUtils.cpp.o
                0x00080240                LogUtils::LogUtils()
 .text._GLOBAL__I_rtc_clock
                0x00080294       0x34 ./utils/LogUtils.cpp.o
 .text.T.38     0x000802c8       0x14 ./utils/LogUtils.cpp.o
 .text.T.41     0x000802dc       0x1c ./utils/LogUtils.cpp.o
 .text._ZN8LogUtils8logTraceENS_8LogLevelEPKc
                0x000802f8      0x10c ./utils/LogUtils.cpp.o
                0x000802f8                LogUtils::logTrace(LogUtils::LogLevel, char const*)
 .text._ZN8LogUtils11processLogsEv
                0x00080404       0xf4 ./utils/LogUtils.cpp.o
                0x00080404                LogUtils::processLogs()
 .text._ZN10SCoopEvent5setupEv
                0x000804f8        0x2 ./libraries/SCoop/SCoop.cpp.o
                0x000804f8                SCoopEvent::setup()
 .text._ZN10SCoopEvent3runEv
                0x000804fa        0xa ./libraries/SCoop/SCoop.cpp.o
                0x000804fa                SCoopEvent::run()
 .text._ZN9SCoopTask4loopEv
                0x00080504        0xa ./libraries/SCoop/SCoop.cpp.o
                0x00080504                SCoopTask::loop()
 .text._ZN9SCoopTask5setupEv
                0x0008050e        0x2 ./libraries/SCoop/SCoop.cpp.o
                0x0008050e                SCoopTask::setup()
 .text._ZN9SCoopTask3runEv
                0x00080510        0x2 ./libraries/SCoop/SCoop.cpp.o
                0x00080510                SCoopTask::run()
 .text._ZL11SCoopSwitchPPhS0_
                0x00080512       0x10 ./libraries/SCoop/SCoop.cpp.o
 *fill*         0x00080522        0x2 00
 .text._ZN10SCoopEvent12registerThisEh
                0x00080524       0x14 ./libraries/SCoop/SCoop.cpp.o
                0x00080524                SCoopEvent::registerThis(unsigned char)
 .text._ZN10SCoopEvent14unregisterThisEv
                0x00080538       0x2c ./libraries/SCoop/SCoop.cpp.o
                0x00080538                SCoopEvent::unregisterThis()
 .text._ZN10SCoopEventD2Ev
                0x00080564       0x48 ./libraries/SCoop/SCoop.cpp.o
                0x00080564                SCoopEvent::~SCoopEvent()
 .text._ZN10SCoopEvent4initEPFvvE
                0x000805ac        0xa ./libraries/SCoop/SCoop.cpp.o
                0x000805ac                SCoopEvent::init(void (*)())
 *fill*         0x000805b6        0x2 00
 .text._ZN10SCoopEventC2Ev
                0x000805b8       0x20 ./libraries/SCoop/SCoop.cpp.o
                0x000805b8                SCoopEvent::SCoopEvent()
 .text._ZN10SCoopEvent5startEv
                0x000805d8       0x16 ./libraries/SCoop/SCoop.cpp.o
                0x000805d8                SCoopEvent::start()
 *fill*         0x000805ee        0x2 00
 .text._ZN10SCoopEvent6launchEv
                0x000805f0       0x40 ./libraries/SCoop/SCoop.cpp.o
                0x000805f0                SCoopEvent::launch()
 .text._ZN10SCoopEvent5pauseEv
                0x00080630       0x10 ./libraries/SCoop/SCoop.cpp.o
                0x00080630                SCoopEvent::pause()
 .text._ZN10SCoopEvent6resumeEv
                0x00080640       0x12 ./libraries/SCoop/SCoop.cpp.o
                0x00080640                SCoopEvent::resume()
 .text._ZN10SCoopEvent6pausedEv
                0x00080652        0xa ./libraries/SCoop/SCoop.cpp.o
                0x00080652                SCoopEvent::paused()
 .text._ZN10SCoopDelay3addEl
                0x0008065c        0xa ./libraries/SCoop/SCoop.cpp.o
                0x0008065c                SCoopDelay::add(long)
 .text._Z12SCoopMemFillPhS_h
                0x00080666       0x10 ./libraries/SCoop/SCoop.cpp.o
                0x00080666                SCoopMemFill(unsigned char*, unsigned char*, unsigned char)
 *fill*         0x00080676        0x2 00
 .text._ZN9SCoopTask9initBasicEv
                0x00080678       0x40 ./libraries/SCoop/SCoop.cpp.o
                0x00080678                SCoopTask::initBasic()
 .text._ZN9SCoopTask4initEPym
                0x000806b8       0x18 ./libraries/SCoop/SCoop.cpp.o
                0x000806b8                SCoopTask::init(unsigned long long*, unsigned long)
 .text._ZN9SCoopTaskD2Ev
                0x000806d0       0x14 ./libraries/SCoop/SCoop.cpp.o
                0x000806d0                SCoopTask::~SCoopTask()
 .text._ZN5SCoopC1Ev
                0x000806e4       0x18 ./libraries/SCoop/SCoop.cpp.o
                0x000806e4                SCoop::SCoop()
 .text._ZN5SCoop5startEv
                0x000806fc       0x30 ./libraries/SCoop/SCoop.cpp.o
                0x000806fc                SCoop::start()
 .text._ZN10SCoopDelay3getEv
                0x0008072c       0x10 ./libraries/SCoop/SCoop.cpp.o
                0x0008072c                SCoopDelay::get()
 .text._ZN10SCoopDelay3setEl
                0x0008073c       0x10 ./libraries/SCoop/SCoop.cpp.o
                0x0008073c                SCoopDelay::set(long)
 .text._ZN10SCoopDelay5resetEv
                0x0008074c        0x6 ./libraries/SCoop/SCoop.cpp.o
                0x0008074c                SCoopDelay::reset()
 .text._ZN10SCoopDelayC1Ev
                0x00080752        0xc ./libraries/SCoop/SCoop.cpp.o
                0x00080752                SCoopDelay::SCoopDelay()
 *fill*         0x0008075e        0x2 00
 .text._ZN9SCoopTaskC2EPym
                0x00080760       0x30 ./libraries/SCoop/SCoop.cpp.o
                0x00080760                SCoopTask::SCoopTask(unsigned long long*, unsigned long)
 .text._ZN9SCoopTask11yieldSwitchEv
                0x00080790       0x38 ./libraries/SCoop/SCoop.cpp.o
                0x00080790                SCoopTask::yieldSwitch()
 .text._ZN9SCoopTask10yieldSpentEl
                0x000807c8       0x24 ./libraries/SCoop/SCoop.cpp.o
                0x000807c8                SCoopTask::yieldSpent(long)
 .text._ZN9SCoopTask5yieldEl
                0x000807ec       0x34 ./libraries/SCoop/SCoop.cpp.o
                0x000807ec                SCoopTask::yield(long)
 .text._ZN9SCoopTask7sleepMsElb
                0x00080820       0x42 ./libraries/SCoop/SCoop.cpp.o
                0x00080820                SCoopTask::sleepMs(long, bool)
 .text._ZN9SCoopTask5sleepEl
                0x00080862        0x6 ./libraries/SCoop/SCoop.cpp.o
                0x00080862                SCoopTask::sleep(long)
 .text._ZN9SCoopTask5yieldEv
                0x00080868       0x34 ./libraries/SCoop/SCoop.cpp.o
                0x00080868                SCoopTask::yield()
 .text._ZN5SCoop5yieldEv
                0x0008089c       0x78 ./libraries/SCoop/SCoop.cpp.o
                0x0008089c                SCoop::yield()
 .text.yield    0x00080914        0xc ./libraries/SCoop/SCoop.cpp.o
                0x00080914                yield
 .text._ZN9SCoopTask6launchEv
                0x00080920       0x44 ./libraries/SCoop/SCoop.cpp.o
                0x00080920                SCoopTask::launch()
 .text._ZN9SCoopTask5startEv
                0x00080964       0xb4 ./libraries/SCoop/SCoop.cpp.o
                0x00080964                SCoopTask::start()
 .text._GLOBAL__I_SCoopFirstItem
                0x00080a18        0xc ./libraries/SCoop/SCoop.cpp.o
 .text._ZN9RTC_clock12current_timeEv
                0x00080a24       0x14 ./libraries/Due-RTC/rtc_clock.cpp.o
                0x00080a24                RTC_clock::current_time()
 .text._ZN9RTC_clock9get_hoursEv
                0x00080a38       0x1e ./libraries/Due-RTC/rtc_clock.cpp.o
                0x00080a38                RTC_clock::get_hours()
 .text._ZN9RTC_clock11get_minutesEv
                0x00080a56       0x1e ./libraries/Due-RTC/rtc_clock.cpp.o
                0x00080a56                RTC_clock::get_minutes()
 .text._ZN9RTC_clock11get_secondsEv
                0x00080a74       0x1c ./libraries/Due-RTC/rtc_clock.cpp.o
                0x00080a74                RTC_clock::get_seconds()
 .text._ZN9RTC_clock21calculate_day_of_weekEtii
                0x00080a90       0x46 ./libraries/Due-RTC/rtc_clock.cpp.o
                0x00080a90                RTC_clock::calculate_day_of_week(unsigned short, int, int)
 *fill*         0x00080ad6        0x2 00
 .text._ZN9RTC_clock12current_dateEv
                0x00080ad8       0x14 ./libraries/Due-RTC/rtc_clock.cpp.o
                0x00080ad8                RTC_clock::current_date()
 .text._ZN9RTC_clock9get_yearsEv
                0x00080aec       0x36 ./libraries/Due-RTC/rtc_clock.cpp.o
                0x00080aec                RTC_clock::get_years()
 .text._ZN9RTC_clock10get_monthsEv
                0x00080b22       0x1e ./libraries/Due-RTC/rtc_clock.cpp.o
                0x00080b22                RTC_clock::get_months()
 .text._ZN9RTC_clock8get_daysEv
                0x00080b40       0x1e ./libraries/Due-RTC/rtc_clock.cpp.o
                0x00080b40                RTC_clock::get_days()
 .text._ZN9RTC_clock12switch_yearsEt
                0x00080b5e       0x30 ./libraries/Due-RTC/rtc_clock.cpp.o
                0x00080b5e                RTC_clock::switch_years(unsigned short)
 *fill*         0x00080b8e        0x2 00
 .text.RTC_Handler
                0x00080b90       0x38 ./libraries/Due-RTC/rtc_clock.cpp.o
                0x00080b90                RTC_Handler
 .text._ZN9RTC_clock8set_dateEiit
                0x00080bc8       0x4c ./libraries/Due-RTC/rtc_clock.cpp.o
                0x00080bc8                RTC_clock::set_date(int, int, unsigned short)
 .text._ZN9RTC_clock8set_timeEiii
                0x00080c14       0x18 ./libraries/Due-RTC/rtc_clock.cpp.o
                0x00080c14                RTC_clock::set_time(int, int, int)
 .text._ZN9RTC_clock4initEv
                0x00080c2c       0x28 ./libraries/Due-RTC/rtc_clock.cpp.o
                0x00080c2c                RTC_clock::init()
 .text._ZN9RTC_clockC1Ei
                0x00080c54       0x1a ./libraries/Due-RTC/rtc_clock.cpp.o
                0x00080c54                RTC_clock::RTC_clock(int)
 .text._ZN7LogTask5setupEv
                0x00080c6e        0x2 ./DarkSkyOne.cpp.o
                0x00080c6e                LogTask::setup()
 .text._ZN13HeartBeatTaskD1Ev
                0x00080c70       0x14 ./DarkSkyOne.cpp.o
                0x00080c70                HeartBeatTask::~HeartBeatTask()
 .text._ZN8XBeeTaskD1Ev
                0x00080c84       0x14 ./DarkSkyOne.cpp.o
                0x00080c84                XBeeTask::~XBeeTask()
 .text._ZN7LogTaskD1Ev
                0x00080c98       0x14 ./DarkSkyOne.cpp.o
                0x00080c98                LogTask::~LogTask()
 .text.loop     0x00080cac        0x4 ./DarkSkyOne.cpp.o
                0x00080cac                loop
 .text.setup    0x00080cb0       0x2c ./DarkSkyOne.cpp.o
                0x00080cb0                setup
 .text._ZN13HeartBeatTask4loopEv
                0x00080cdc       0x54 ./DarkSkyOne.cpp.o
                0x00080cdc                HeartBeatTask::loop()
 .text._ZN13HeartBeatTask5setupEv
                0x00080d30       0x38 ./DarkSkyOne.cpp.o
                0x00080d30                HeartBeatTask::setup()
 .text._ZN8XBeeTask4loopEv
                0x00080d68       0x44 ./DarkSkyOne.cpp.o
                0x00080d68                XBeeTask::loop()
 .text._ZN8XBeeTask5setupEv
                0x00080dac       0x38 ./DarkSkyOne.cpp.o
                0x00080dac                XBeeTask::setup()
 .text._ZN7LogTask4loopEv
                0x00080de4        0xc ./DarkSkyOne.cpp.o
                0x00080de4                LogTask::loop()
 .text._GLOBAL__I_led
                0x00080df0       0x98 ./DarkSkyOne.cpp.o
 .text.init     0x00080e88      0x11c D:/Daten/Projekte/Arduino/DarkSkyOne/Release/arduino.ar(variant.cpp.o)
                0x00080e88                init
 .text.USART3_Handler
                0x00080fa4        0xc D:/Daten/Projekte/Arduino/DarkSkyOne/Release/arduino.ar(variant.cpp.o)
                0x00080fa4                USART3_Handler
 .text.USART1_Handler
                0x00080fb0        0xc D:/Daten/Projekte/Arduino/DarkSkyOne/Release/arduino.ar(variant.cpp.o)
                0x00080fb0                USART1_Handler
 .text.USART0_Handler
                0x00080fbc        0xc D:/Daten/Projekte/Arduino/DarkSkyOne/Release/arduino.ar(variant.cpp.o)
                0x00080fbc                USART0_Handler
 .text.UART_Handler
                0x00080fc8        0xc D:/Daten/Projekte/Arduino/DarkSkyOne/Release/arduino.ar(variant.cpp.o)
                0x00080fc8                UART_Handler
 .text._GLOBAL__I_g_APinDescription
                0x00080fd4       0x8c D:/Daten/Projekte/Arduino/DarkSkyOne/Release/arduino.ar(variant.cpp.o)
 .text._ZN5Print5writeEPKhj
                0x00081060       0x2e D:/Daten/Projekte/Arduino/DarkSkyOne/Release/arduino.ar(Print.cpp.o)
                0x00081060                Print::write(unsigned char const*, unsigned int)
 .text._ZN5Print5printEc
                0x0008108e        0xa D:/Daten/Projekte/Arduino/DarkSkyOne/Release/arduino.ar(Print.cpp.o)
                0x0008108e                Print::print(char)
 .text._ZN5Print7printlnEv
                0x00081098       0x18 D:/Daten/Projekte/Arduino/DarkSkyOne/Release/arduino.ar(Print.cpp.o)
                0x00081098                Print::println()
 .text._ZN5Print5writeEPKc
                0x000810b0       0x20 D:/Daten/Projekte/Arduino/DarkSkyOne/Release/arduino.ar(Print.cpp.o)
                0x000810b0                Print::write(char const*)
 .text._ZN5Print5printEPKc
                0x000810d0        0x4 D:/Daten/Projekte/Arduino/DarkSkyOne/Release/arduino.ar(Print.cpp.o)
                0x000810d0                Print::print(char const*)
 .text._ZN5Print7printlnEPKc
                0x000810d4       0x14 D:/Daten/Projekte/Arduino/DarkSkyOne/Release/arduino.ar(Print.cpp.o)
                0x000810d4                Print::println(char const*)
 .text._ZN5Print5printERK6String
                0x000810e8       0x34 D:/Daten/Projekte/Arduino/DarkSkyOne/Release/arduino.ar(Print.cpp.o)
                0x000810e8                Print::print(String const&)
 .text._ZN10RingBuffer10store_charEh
                0x0008111c       0x16 D:/Daten/Projekte/Arduino/DarkSkyOne/Release/arduino.ar(RingBuffer.cpp.o)
                0x0008111c                RingBuffer::store_char(unsigned char)
 .text._ZN10RingBufferC1Ev
                0x00081132       0x16 D:/Daten/Projekte/Arduino/DarkSkyOne/Release/arduino.ar(RingBuffer.cpp.o)
                0x00081132                RingBuffer::RingBuffer()
 .text._ZN9UARTClasscvbEv
                0x00081148        0x4 D:/Daten/Projekte/Arduino/DarkSkyOne/Release/arduino.ar(UARTClass.cpp.o)
                0x00081148                UARTClass::operator bool()
 .text._ZN9UARTClassC1EP4Uart4IRQnmP10RingBuffer
                0x0008114c       0x24 D:/Daten/Projekte/Arduino/DarkSkyOne/Release/arduino.ar(UARTClass.cpp.o)
                0x0008114c                UARTClass::UARTClass(Uart*, IRQn, unsigned long, RingBuffer*)
 .text._ZN9UARTClass9availableEv
                0x00081170        0xe D:/Daten/Projekte/Arduino/DarkSkyOne/Release/arduino.ar(UARTClass.cpp.o)
                0x00081170                UARTClass::available()
 .text._ZN9UARTClass4peekEv
                0x0008117e       0x12 D:/Daten/Projekte/Arduino/DarkSkyOne/Release/arduino.ar(UARTClass.cpp.o)
                0x0008117e                UARTClass::peek()
 .text._ZN9UARTClass4readEv
                0x00081190       0x1c D:/Daten/Projekte/Arduino/DarkSkyOne/Release/arduino.ar(UARTClass.cpp.o)
                0x00081190                UARTClass::read()
 .text._ZN9UARTClass5flushEv
                0x000811ac        0xc D:/Daten/Projekte/Arduino/DarkSkyOne/Release/arduino.ar(UARTClass.cpp.o)
                0x000811ac                UARTClass::flush()
 .text._ZN9UARTClass5writeEh
                0x000811b8       0x10 D:/Daten/Projekte/Arduino/DarkSkyOne/Release/arduino.ar(UARTClass.cpp.o)
                0x000811b8                UARTClass::write(unsigned char)
 .text._ZN9UARTClass10IrqHandlerEv
                0x000811c8       0x2a D:/Daten/Projekte/Arduino/DarkSkyOne/Release/arduino.ar(UARTClass.cpp.o)
                0x000811c8                UARTClass::IrqHandler()
 *fill*         0x000811f2        0x2 00
 .text._ZN9UARTClass3endEv
                0x000811f4       0x38 D:/Daten/Projekte/Arduino/DarkSkyOne/Release/arduino.ar(UARTClass.cpp.o)
                0x000811f4                UARTClass::end()
 .text._ZN9UARTClass5beginEm
                0x0008122c       0x5c D:/Daten/Projekte/Arduino/DarkSkyOne/Release/arduino.ar(UARTClass.cpp.o)
                0x0008122c                UARTClass::begin(unsigned long)
 .text._ZN10USARTClasscvbEv
                0x00081288        0x4 D:/Daten/Projekte/Arduino/DarkSkyOne/Release/arduino.ar(USARTClass.cpp.o)
                0x00081288                USARTClass::operator bool()
 .text._ZN10USARTClassC1EP5Usart4IRQnmP10RingBuffer
                0x0008128c       0x24 D:/Daten/Projekte/Arduino/DarkSkyOne/Release/arduino.ar(USARTClass.cpp.o)
                0x0008128c                USARTClass::USARTClass(Usart*, IRQn, unsigned long, RingBuffer*)
 .text._ZN10USARTClass9availableEv
                0x000812b0        0xe D:/Daten/Projekte/Arduino/DarkSkyOne/Release/arduino.ar(USARTClass.cpp.o)
                0x000812b0                USARTClass::available()
 .text._ZN10USARTClass4peekEv
                0x000812be       0x12 D:/Daten/Projekte/Arduino/DarkSkyOne/Release/arduino.ar(USARTClass.cpp.o)
                0x000812be                USARTClass::peek()
 .text._ZN10USARTClass4readEv
                0x000812d0       0x1c D:/Daten/Projekte/Arduino/DarkSkyOne/Release/arduino.ar(USARTClass.cpp.o)
                0x000812d0                USARTClass::read()
 .text._ZN10USARTClass5flushEv
                0x000812ec        0xc D:/Daten/Projekte/Arduino/DarkSkyOne/Release/arduino.ar(USARTClass.cpp.o)
                0x000812ec                USARTClass::flush()
 .text._ZN10USARTClass5writeEh
                0x000812f8       0x10 D:/Daten/Projekte/Arduino/DarkSkyOne/Release/arduino.ar(USARTClass.cpp.o)
                0x000812f8                USARTClass::write(unsigned char)
 .text._ZN10USARTClass10IrqHandlerEv
                0x00081308       0x2a D:/Daten/Projekte/Arduino/DarkSkyOne/Release/arduino.ar(USARTClass.cpp.o)
                0x00081308                USARTClass::IrqHandler()
 *fill*         0x00081332        0x2 00
 .text._ZN10USARTClass5beginEm
                0x00081334       0x5c D:/Daten/Projekte/Arduino/DarkSkyOne/Release/arduino.ar(USARTClass.cpp.o)
                0x00081334                USARTClass::begin(unsigned long)
 .text._ZNK6StringixEj
                0x00081390       0x12 D:/Daten/Projekte/Arduino/DarkSkyOne/Release/arduino.ar(WString.cpp.o)
                0x00081390                String::operator[](unsigned int) const
 .text._ZN6String12changeBufferEj
                0x000813a2       0x1a D:/Daten/Projekte/Arduino/DarkSkyOne/Release/arduino.ar(WString.cpp.o)
                0x000813a2                String::changeBuffer(unsigned int)
 .text._ZN6String7reserveEj
                0x000813bc       0x28 D:/Daten/Projekte/Arduino/DarkSkyOne/Release/arduino.ar(WString.cpp.o)
                0x000813bc                String::reserve(unsigned int)
 .text._ZN6String6concatEPKcj
                0x000813e4       0x2c D:/Daten/Projekte/Arduino/DarkSkyOne/Release/arduino.ar(WString.cpp.o)
                0x000813e4                String::concat(char const*, unsigned int)
 .text._ZN6String10invalidateEv
                0x00081410       0x16 D:/Daten/Projekte/Arduino/DarkSkyOne/Release/arduino.ar(WString.cpp.o)
                0x00081410                String::invalidate()
 .text._ZplRK15StringSumHelperPKc
                0x00081426       0x24 D:/Daten/Projekte/Arduino/DarkSkyOne/Release/arduino.ar(WString.cpp.o)
                0x00081426                operator+(StringSumHelper const&, char const*)
 .text._ZplRK15StringSumHelperRK6String
                0x0008144a       0x1a D:/Daten/Projekte/Arduino/DarkSkyOne/Release/arduino.ar(WString.cpp.o)
                0x0008144a                operator+(StringSumHelper const&, String const&)
 .text._ZN6String4copyEPKcj
                0x00081464       0x26 D:/Daten/Projekte/Arduino/DarkSkyOne/Release/arduino.ar(WString.cpp.o)
                0x00081464                String::copy(char const*, unsigned int)
 .text._ZN6StringC1EPKc
                0x0008148a       0x26 D:/Daten/Projekte/Arduino/DarkSkyOne/Release/arduino.ar(WString.cpp.o)
                0x0008148a                String::String(char const*)
 .text._ZN6StringaSEPKc
                0x000814b0       0x22 D:/Daten/Projekte/Arduino/DarkSkyOne/Release/arduino.ar(WString.cpp.o)
                0x000814b0                String::operator=(char const*)
 .text._ZN6StringaSERKS_
                0x000814d2       0x1e D:/Daten/Projekte/Arduino/DarkSkyOne/Release/arduino.ar(WString.cpp.o)
                0x000814d2                String::operator=(String const&)
 .text._ZN6StringC1ERKS_
                0x000814f0       0x16 D:/Daten/Projekte/Arduino/DarkSkyOne/Release/arduino.ar(WString.cpp.o)
                0x000814f0                String::String(String const&)
 .text._ZN6StringC2ERKS_
                0x00081506       0x16 D:/Daten/Projekte/Arduino/DarkSkyOne/Release/arduino.ar(WString.cpp.o)
                0x00081506                String::String(String const&)
 .text._ZN6StringD1Ev
                0x0008151c        0xe D:/Daten/Projekte/Arduino/DarkSkyOne/Release/arduino.ar(WString.cpp.o)
                0x0008151c                String::~String()
 .text._ZN6StringD2Ev
                0x0008152a        0xe D:/Daten/Projekte/Arduino/DarkSkyOne/Release/arduino.ar(WString.cpp.o)
                0x0008152a                String::~String()
 .text.micros   0x00081538       0x40 D:/Daten/Projekte/Arduino/DarkSkyOne/Release/arduino.ar(wiring.c.o)
                0x00081538                micros
 .text.millis   0x00081578        0x4 D:/Daten/Projekte/Arduino/DarkSkyOne/Release/arduino.ar(wiring.c.o)
                0x00081578                millis
 .text.delay    0x0008157c       0x1a D:/Daten/Projekte/Arduino/DarkSkyOne/Release/arduino.ar(wiring.c.o)
                0x0008157c                delay
 *fill*         0x00081596        0x2 00
 .text.analogOutputInit
                0x00081598       0x14 D:/Daten/Projekte/Arduino/DarkSkyOne/Release/arduino.ar(wiring_analog.c.o)
                0x00081598                analogOutputInit
 .text.digitalWrite
                0x000815ac       0x48 D:/Daten/Projekte/Arduino/DarkSkyOne/Release/arduino.ar(wiring_digital.c.o)
                0x000815ac                digitalWrite
 .text.pinMode  0x000815f4       0x68 D:/Daten/Projekte/Arduino/DarkSkyOne/Release/arduino.ar(wiring_digital.c.o)
                0x000815f4                pinMode
 .text.PIO_DisableInterrupt
                0x0008165c        0x4 C:/Applications/arduino-1.5.2/hardware/arduino/sam/variants/arduino_due_x/libsam_sam3x8e_gcc_rel.a(pio.o)
                0x0008165c                PIO_DisableInterrupt
 .text.PIO_PullUp
                0x00081660        0xa C:/Applications/arduino-1.5.2/hardware/arduino/sam/variants/arduino_due_x/libsam_sam3x8e_gcc_rel.a(pio.o)
                0x00081660                PIO_PullUp
 .text.PIO_SetPeripheral
                0x0008166a       0x2a C:/Applications/arduino-1.5.2/hardware/arduino/sam/variants/arduino_due_x/libsam_sam3x8e_gcc_rel.a(pio.o)
                0x0008166a                PIO_SetPeripheral
 .text.PIO_SetInput
                0x00081694       0x40 C:/Applications/arduino-1.5.2/hardware/arduino/sam/variants/arduino_due_x/libsam_sam3x8e_gcc_rel.a(pio.o)
                0x00081694                PIO_SetInput
 .text.PIO_SetOutput
                0x000816d4       0x38 C:/Applications/arduino-1.5.2/hardware/arduino/sam/variants/arduino_due_x/libsam_sam3x8e_gcc_rel.a(pio.o)
                0x000816d4                PIO_SetOutput
 .text.PIO_Configure
                0x0008170c       0x74 C:/Applications/arduino-1.5.2/hardware/arduino/sam/variants/arduino_due_x/libsam_sam3x8e_gcc_rel.a(pio.o)
                0x0008170c                PIO_Configure
 .text.PIO_GetOutputDataStatus
                0x00081780       0x16 C:/Applications/arduino-1.5.2/hardware/arduino/sam/variants/arduino_due_x/libsam_sam3x8e_gcc_rel.a(pio.o)
                0x00081780                PIO_GetOutputDataStatus
 *fill*         0x00081796        0x2 00
 .text.pmc_switch_sclk_to_32kxtal
                0x00081798       0x28 C:/Applications/arduino-1.5.2/hardware/arduino/sam/variants/arduino_due_x/libsam_sam3x8e_gcc_rel.a(pmc.o)
                0x00081798                pmc_switch_sclk_to_32kxtal
 .text.pmc_osc_is_ready_32kxtal
                0x000817c0       0x1c C:/Applications/arduino-1.5.2/hardware/arduino/sam/variants/arduino_due_x/libsam_sam3x8e_gcc_rel.a(pmc.o)
                0x000817c0                pmc_osc_is_ready_32kxtal
 .text.pmc_enable_upll_clock
                0x000817dc       0x18 C:/Applications/arduino-1.5.2/hardware/arduino/sam/variants/arduino_due_x/libsam_sam3x8e_gcc_rel.a(pmc.o)
                0x000817dc                pmc_enable_upll_clock
 .text.pmc_enable_periph_clk
                0x000817f4       0x48 C:/Applications/arduino-1.5.2/hardware/arduino/sam/variants/arduino_due_x/libsam_sam3x8e_gcc_rel.a(pmc.o)
                0x000817f4                pmc_enable_periph_clk
 .text.pmc_disable_periph_clk
                0x0008183c       0x48 C:/Applications/arduino-1.5.2/hardware/arduino/sam/variants/arduino_due_x/libsam_sam3x8e_gcc_rel.a(pmc.o)
                0x0008183c                pmc_disable_periph_clk
 .text.pmc_switch_udpck_to_upllck
                0x00081884       0x14 C:/Applications/arduino-1.5.2/hardware/arduino/sam/variants/arduino_due_x/libsam_sam3x8e_gcc_rel.a(pmc.o)
                0x00081884                pmc_switch_udpck_to_upllck
 .text.pmc_enable_udpck
                0x00081898        0xc C:/Applications/arduino-1.5.2/hardware/arduino/sam/variants/arduino_due_x/libsam_sam3x8e_gcc_rel.a(pmc.o)
                0x00081898                pmc_enable_udpck
 .text.RTC_SetHourMode
                0x000818a4       0x28 C:/Applications/arduino-1.5.2/hardware/arduino/sam/variants/arduino_due_x/libsam_sam3x8e_gcc_rel.a(rtc.o)
                0x000818a4                RTC_SetHourMode
 .text.RTC_EnableIt
                0x000818cc       0x28 C:/Applications/arduino-1.5.2/hardware/arduino/sam/variants/arduino_due_x/libsam_sam3x8e_gcc_rel.a(rtc.o)
                0x000818cc                RTC_EnableIt
 .text.RTC_DisableIt
                0x000818f4       0x28 C:/Applications/arduino-1.5.2/hardware/arduino/sam/variants/arduino_due_x/libsam_sam3x8e_gcc_rel.a(rtc.o)
                0x000818f4                RTC_DisableIt
 .text.RTC_SetTime
                0x0008191c       0x88 C:/Applications/arduino-1.5.2/hardware/arduino/sam/variants/arduino_due_x/libsam_sam3x8e_gcc_rel.a(rtc.o)
                0x0008191c                RTC_SetTime
 .text.RTC_SetDate
                0x000819a4       0xc4 C:/Applications/arduino-1.5.2/hardware/arduino/sam/variants/arduino_due_x/libsam_sam3x8e_gcc_rel.a(rtc.o)
                0x000819a4                RTC_SetDate
 .text.RTC_ClearSCCR
                0x00081a68        0x8 C:/Applications/arduino-1.5.2/hardware/arduino/sam/variants/arduino_due_x/libsam_sam3x8e_gcc_rel.a(rtc.o)
                0x00081a68                RTC_ClearSCCR
 .text.TimeTick_Increment
                0x00081a70       0x10 C:/Applications/arduino-1.5.2/hardware/arduino/sam/variants/arduino_due_x/libsam_sam3x8e_gcc_rel.a(timetick.o)
                0x00081a70                TimeTick_Increment
 .text.GetTickCount
                0x00081a80        0xc C:/Applications/arduino-1.5.2/hardware/arduino/sam/variants/arduino_due_x/libsam_sam3x8e_gcc_rel.a(timetick.o)
                0x00081a80                GetTickCount
 .text.WDT_Disable
                0x00081a8c        0x8 C:/Applications/arduino-1.5.2/hardware/arduino/sam/variants/arduino_due_x/libsam_sam3x8e_gcc_rel.a(wdt.o)
                0x00081a8c                WDT_Disable
 .text.SystemInit
                0x00081a94       0x9c C:/Applications/arduino-1.5.2/hardware/arduino/sam/variants/arduino_due_x/libsam_sam3x8e_gcc_rel.a(system_sam3xa.o)
                0x00081a94                SystemInit
 .text.Reset_Handler
                0x00081b30       0x70 C:/Applications/arduino-1.5.2/hardware/arduino/sam/variants/arduino_due_x/libsam_sam3x8e_gcc_rel.a(startup_sam3xa.o)
                0x00081b30                Reset_Handler
 .text.adc_init
                0x00081ba0       0x3a C:/Applications/arduino-1.5.2/hardware/arduino/sam/variants/arduino_due_x/libsam_sam3x8e_gcc_rel.a(adc.o)
                0x00081ba0                adc_init
 .text.adc_configure_trigger
                0x00081bda       0x10 C:/Applications/arduino-1.5.2/hardware/arduino/sam/variants/arduino_due_x/libsam_sam3x8e_gcc_rel.a(adc.o)
                0x00081bda                adc_configure_trigger
 .text.adc_configure_timing
                0x00081bea       0x1a C:/Applications/arduino-1.5.2/hardware/arduino/sam/variants/arduino_due_x/libsam_sam3x8e_gcc_rel.a(adc.o)
                0x00081bea                adc_configure_timing
 .text.adc_disable_all_channel
                0x00081c04        0x8 C:/Applications/arduino-1.5.2/hardware/arduino/sam/variants/arduino_due_x/libsam_sam3x8e_gcc_rel.a(adc.o)
                0x00081c04                adc_disable_all_channel
 .text.adc_disable_interrupt
                0x00081c0c        0x4 C:/Applications/arduino-1.5.2/hardware/arduino/sam/variants/arduino_due_x/libsam_sam3x8e_gcc_rel.a(adc.o)
                0x00081c0c                adc_disable_interrupt
 .text.UOTGHS_Handler
                0x00081c10       0x10 C:/Applications/arduino-1.5.2/hardware/arduino/sam/variants/arduino_due_x/libsam_sam3x8e_gcc_rel.a(uotghs.o)
                0x00081c10                UOTGHS_Handler
 .text.PIOA_Handler
                0x00081c20       0x2c D:/Daten/Projekte/Arduino/DarkSkyOne/Release/arduino.ar(WInterrupts.c.o)
                0x00081c20                PIOA_Handler
 .text.PIOB_Handler
                0x00081c4c       0x2c D:/Daten/Projekte/Arduino/DarkSkyOne/Release/arduino.ar(WInterrupts.c.o)
                0x00081c4c                PIOB_Handler
 .text.PIOC_Handler
                0x00081c78       0x2c D:/Daten/Projekte/Arduino/DarkSkyOne/Release/arduino.ar(WInterrupts.c.o)
                0x00081c78                PIOC_Handler
 .text.PIOD_Handler
                0x00081ca4       0x2c D:/Daten/Projekte/Arduino/DarkSkyOne/Release/arduino.ar(WInterrupts.c.o)
                0x00081ca4                PIOD_Handler
 .text.__halt   0x00081cd0        0x2 D:/Daten/Projekte/Arduino/DarkSkyOne/Release/arduino.ar(cortex_handlers.c.o)
                0x00081cd0                DACC_Handler
                0x00081cd0                DebugMon_Handler
                0x00081cd0                DMAC_Handler
                0x00081cd0                TRNG_Handler
                0x00081cd0                HardFault_Handler
                0x00081cd0                TC2_Handler
                0x00081cd0                TWI1_Handler
                0x00081cd0                NMI_Handler
                0x00081cd0                TC7_Handler
                0x00081cd0                ADC_Handler
                0x00081cd0                SMC_Handler
                0x00081cd0                RTT_Handler
                0x00081cd0                EFC1_Handler
                0x00081cd0                UsageFault_Handler
                0x00081cd0                TC6_Handler
                0x00081cd0                WDT_Handler
                0x00081cd0                CAN0_Handler
                0x00081cd0                TC4_Handler
                0x00081cd0                TC1_Handler
                0x00081cd0                HSMCI_Handler
                0x00081cd0                TC3_Handler
                0x00081cd0                TWI0_Handler
                0x00081cd0                SSC_Handler
                0x00081cd0                EFC0_Handler
                0x00081cd0                PMC_Handler
                0x00081cd0                PWM_Handler
                0x00081cd0                CAN1_Handler
                0x00081cd0                MemManage_Handler
                0x00081cd0                SUPC_Handler
                0x00081cd0                TC8_Handler
                0x00081cd0                USART2_Handler
                0x00081cd0                EMAC_Handler
                0x00081cd0                BusFault_Handler
                0x00081cd0                RSTC_Handler
                0x00081cd0                TC0_Handler
                0x00081cd0                TC5_Handler
                0x00081cd0                SPI0_Handler
 .text.SysTick_Handler
                0x00081cd2       0x16 D:/Daten/Projekte/Arduino/DarkSkyOne/Release/arduino.ar(cortex_handlers.c.o)
                0x00081cd2                SysTick_Handler
 .text.PendSV_Handler
                0x00081ce8        0x4 D:/Daten/Projekte/Arduino/DarkSkyOne/Release/arduino.ar(cortex_handlers.c.o)
                0x00081ce8                PendSV_Handler
 .text.SVC_Handler
                0x00081cec        0x4 D:/Daten/Projekte/Arduino/DarkSkyOne/Release/arduino.ar(cortex_handlers.c.o)
                0x00081cec                SVC_Handler
 .text.__false  0x00081cf0        0x4 D:/Daten/Projekte/Arduino/DarkSkyOne/Release/arduino.ar(hooks.c.o)
                0x00081cf0                sysTickHook
 .text.__halt   0x00081cf4        0x2 D:/Daten/Projekte/Arduino/DarkSkyOne/Release/arduino.ar(hooks.c.o)
                0x00081cf4                svcHook
                0x00081cf4                pendSVHook
 *fill*         0x00081cf6        0x2 00
 .text.main     0x00081cf8       0x30 D:/Daten/Projekte/Arduino/DarkSkyOne/Release/arduino.ar(main.cpp.o)
                0x00081cf8                main
 .text._Z16USBD_InitControli
                0x00081d28       0x14 D:/Daten/Projekte/Arduino/DarkSkyOne/Release/arduino.ar(USBCore.cpp.o)
                0x00081d28                USBD_InitControl(int)
 .text._ZL11USB_SendZlpv
                0x00081d3c       0x24 D:/Daten/Projekte/Arduino/DarkSkyOne/Release/arduino.ar(USBCore.cpp.o)
 .text._ZN10USBDevice_6attachEv
                0x00081d60       0x20 D:/Daten/Projekte/Arduino/DarkSkyOne/Release/arduino.ar(USBCore.cpp.o)
                0x00081d60                USBDevice_::attach()
 .text._ZN10USBDevice_C1Ev
                0x00081d80       0x24 D:/Daten/Projekte/Arduino/DarkSkyOne/Release/arduino.ar(USBCore.cpp.o)
                0x00081d80                USBDevice_::USBDevice_()
 .text._Z14USBD_Availablem
                0x00081da4       0x2c D:/Daten/Projekte/Arduino/DarkSkyOne/Release/arduino.ar(USBCore.cpp.o)
                0x00081da4                USBD_Available(unsigned long)
 .text._Z10USBD_Flushm
                0x00081dd0       0x16 D:/Daten/Projekte/Arduino/DarkSkyOne/Release/arduino.ar(USBCore.cpp.o)
                0x00081dd0                USBD_Flush(unsigned long)
 .text._Z24USBD_SendOtherInterfacesv
                0x00081de6       0x1c D:/Daten/Projekte/Arduino/DarkSkyOne/Release/arduino.ar(USBCore.cpp.o)
                0x00081de6                USBD_SendOtherInterfaces()
 .text._Z19USBD_SendInterfacesv
                0x00081e02       0x1c D:/Daten/Projekte/Arduino/DarkSkyOne/Release/arduino.ar(USBCore.cpp.o)
                0x00081e02                USBD_SendInterfaces()
 .text._Z26USBD_ClassInterfaceRequestR5Setup
                0x00081e1e       0x14 D:/Daten/Projekte/Arduino/DarkSkyOne/Release/arduino.ar(USBCore.cpp.o)
                0x00081e1e                USBD_ClassInterfaceRequest(Setup&)
 .text._Z16USBD_RecvControlPvm
                0x00081e32       0x1c D:/Daten/Projekte/Arduino/DarkSkyOne/Release/arduino.ar(USBCore.cpp.o)
                0x00081e32                USBD_RecvControl(void*, unsigned long)
 *fill*         0x00081e4e        0x2 00
 .text._Z16USBD_SendControlhPKvm
                0x00081e50       0x40 D:/Daten/Projekte/Arduino/DarkSkyOne/Release/arduino.ar(USBCore.cpp.o)
                0x00081e50                USBD_SendControl(unsigned char, void const*, unsigned long)
 .text._ZL7USB_ISRv
                0x00081e90      0x430 D:/Daten/Projekte/Arduino/DarkSkyOne/Release/arduino.ar(USBCore.cpp.o)
 .text._Z9USBD_SendmPKvm
                0x000822c0       0x4c D:/Daten/Projekte/Arduino/DarkSkyOne/Release/arduino.ar(USBCore.cpp.o)
                0x000822c0                USBD_Send(unsigned long, void const*, unsigned long)
 .text._Z9USBD_RecvmPvm
                0x0008230c       0x7c D:/Daten/Projekte/Arduino/DarkSkyOne/Release/arduino.ar(USBCore.cpp.o)
                0x0008230c                USBD_Recv(unsigned long, void*, unsigned long)
 .text._Z9USBD_Recvm
                0x00082388       0x1e D:/Daten/Projekte/Arduino/DarkSkyOne/Release/arduino.ar(USBCore.cpp.o)
                0x00082388                USBD_Recv(unsigned long)
 *fill*         0x000823a6        0x2 00
 .text._GLOBAL__I_TxLEDPulse
                0x000823a8        0xc D:/Daten/Projekte/Arduino/DarkSkyOne/Release/arduino.ar(USBCore.cpp.o)
 .text.initiateReset
                0x000823b4        0xc D:/Daten/Projekte/Arduino/DarkSkyOne/Release/arduino.ar(Reset.cpp.o)
                0x000823b4                initiateReset
 .text.cancelReset
                0x000823c0       0x10 D:/Daten/Projekte/Arduino/DarkSkyOne/Release/arduino.ar(Reset.cpp.o)
                0x000823c0                cancelReset
 .text.tickReset
                0x000823d0       0x20 D:/Daten/Projekte/Arduino/DarkSkyOne/Release/arduino.ar(Reset.cpp.o)
                0x000823d0                tickReset
 .text._ZN7Serial_9availableEv
                0x000823f0       0x18 D:/Daten/Projekte/Arduino/DarkSkyOne/Release/arduino.ar(CDC.cpp.o)
                0x000823f0                Serial_::available()
 .text._ZN7Serial_4peekEv
                0x00082408       0x20 D:/Daten/Projekte/Arduino/DarkSkyOne/Release/arduino.ar(CDC.cpp.o)
                0x00082408                Serial_::peek()
 .text._ZN7Serial_5writeEh
                0x00082428       0x14 D:/Daten/Projekte/Arduino/DarkSkyOne/Release/arduino.ar(CDC.cpp.o)
                0x00082428                Serial_::write(unsigned char)
 .text._ZN7Serial_5writeEPKhj
                0x0008243c       0x28 D:/Daten/Projekte/Arduino/DarkSkyOne/Release/arduino.ar(CDC.cpp.o)
                0x0008243c                Serial_::write(unsigned char const*, unsigned int)
 .text._ZN7Serial_5flushEv
                0x00082464        0x6 D:/Daten/Projekte/Arduino/DarkSkyOne/Release/arduino.ar(CDC.cpp.o)
                0x00082464                Serial_::flush()
 *fill*         0x0008246a        0x2 00
 .text._ZN7Serial_4readEv
                0x0008246c       0x44 D:/Daten/Projekte/Arduino/DarkSkyOne/Release/arduino.ar(CDC.cpp.o)
                0x0008246c                Serial_::read()
 .text._ZN7Serial_6acceptEv
                0x000824b0       0x6c D:/Daten/Projekte/Arduino/DarkSkyOne/Release/arduino.ar(CDC.cpp.o)
                0x000824b0                Serial_::accept()
 .text._Z21CDC_GetOtherInterfacePh
                0x0008251c       0x14 D:/Daten/Projekte/Arduino/DarkSkyOne/Release/arduino.ar(CDC.cpp.o)
                0x0008251c                CDC_GetOtherInterface(unsigned char*)
 .text._Z16CDC_GetInterfacePh
                0x00082530       0x14 D:/Daten/Projekte/Arduino/DarkSkyOne/Release/arduino.ar(CDC.cpp.o)
                0x00082530                CDC_GetInterface(unsigned char*)
 .text._Z9CDC_SetupR5Setup
                0x00082544       0x60 D:/Daten/Projekte/Arduino/DarkSkyOne/Release/arduino.ar(CDC.cpp.o)
                0x00082544                CDC_Setup(Setup&)
 .text._GLOBAL__I_cdc_rx_buffer
                0x000825a4       0x1c D:/Daten/Projekte/Arduino/DarkSkyOne/Release/arduino.ar(CDC.cpp.o)
 .text._Z9HID_SetupR5Setup
                0x000825c0       0x44 D:/Daten/Projekte/Arduino/DarkSkyOne/Release/arduino.ar(HID.cpp.o)
                0x000825c0                HID_Setup(Setup&)
 .text._ZN6Mouse_C1Ev
                0x00082604        0x6 D:/Daten/Projekte/Arduino/DarkSkyOne/Release/arduino.ar(HID.cpp.o)
                0x00082604                Mouse_::Mouse_()
 *fill*         0x0008260a        0x2 00
 .text._ZN9Keyboard_C1Ev
                0x0008260c       0x10 D:/Daten/Projekte/Arduino/DarkSkyOne/Release/arduino.ar(HID.cpp.o)
                0x0008260c                Keyboard_::Keyboard_()
 .text._ZN9Keyboard_5writeEh
                0x0008261c       0x1c D:/Daten/Projekte/Arduino/DarkSkyOne/Release/arduino.ar(HID.cpp.o)
                0x0008261c                Keyboard_::write(unsigned char)
 .text._Z14HID_SendReporthPKvm
                0x00082638       0x2c D:/Daten/Projekte/Arduino/DarkSkyOne/Release/arduino.ar(HID.cpp.o)
                0x00082638                HID_SendReport(unsigned char, void const*, unsigned long)
 .text._ZN9Keyboard_10sendReportEP9KeyReport
                0x00082664        0x8 D:/Daten/Projekte/Arduino/DarkSkyOne/Release/arduino.ar(HID.cpp.o)
                0x00082664                Keyboard_::sendReport(KeyReport*)
 .text._ZN9Keyboard_10releaseAllEv
                0x0008266c       0x18 D:/Daten/Projekte/Arduino/DarkSkyOne/Release/arduino.ar(HID.cpp.o)
                0x0008266c                Keyboard_::releaseAll()
 .text._ZN9Keyboard_7releaseEh
                0x00082684       0x74 D:/Daten/Projekte/Arduino/DarkSkyOne/Release/arduino.ar(HID.cpp.o)
                0x00082684                Keyboard_::release(unsigned char)
 .text._ZN9Keyboard_5pressEh
                0x000826f8       0x9c D:/Daten/Projekte/Arduino/DarkSkyOne/Release/arduino.ar(HID.cpp.o)
                0x000826f8                Keyboard_::press(unsigned char)
 .text._Z17HID_GetDescriptori
                0x00082794       0x10 D:/Daten/Projekte/Arduino/DarkSkyOne/Release/arduino.ar(HID.cpp.o)
                0x00082794                HID_GetDescriptor(int)
 .text._Z16HID_GetInterfacePh
                0x000827a4       0x14 D:/Daten/Projekte/Arduino/DarkSkyOne/Release/arduino.ar(HID.cpp.o)
                0x000827a4                HID_GetInterface(unsigned char*)
 .text._GLOBAL__I_Mouse
                0x000827b8       0x1c D:/Daten/Projekte/Arduino/DarkSkyOne/Release/arduino.ar(HID.cpp.o)
 .text.UDD_SetStack
                0x000827d4        0xc C:/Applications/arduino-1.5.2/hardware/arduino/sam/variants/arduino_due_x/libsam_sam3x8e_gcc_rel.a(uotghs_device.o)
                0x000827d4                UDD_SetStack
 .text.UDD_Init
                0x000827e0       0xd0 C:/Applications/arduino-1.5.2/hardware/arduino/sam/variants/arduino_due_x/libsam_sam3x8e_gcc_rel.a(uotghs_device.o)
                0x000827e0                UDD_Init
 .text.UDD_Attach
                0x000828b0       0x4c C:/Applications/arduino-1.5.2/hardware/arduino/sam/variants/arduino_due_x/libsam_sam3x8e_gcc_rel.a(uotghs_device.o)
                0x000828b0                UDD_Attach
 .text.UDD_InitEP
                0x000828fc       0x30 C:/Applications/arduino-1.5.2/hardware/arduino/sam/variants/arduino_due_x/libsam_sam3x8e_gcc_rel.a(uotghs_device.o)
                0x000828fc                UDD_InitEP
 .text.UDD_InitEndpoints
                0x0008292c       0x3c C:/Applications/arduino-1.5.2/hardware/arduino/sam/variants/arduino_due_x/libsam_sam3x8e_gcc_rel.a(uotghs_device.o)
                0x0008292c                UDD_InitEndpoints
 .text.UDD_WaitIN
                0x00082968       0x14 C:/Applications/arduino-1.5.2/hardware/arduino/sam/variants/arduino_due_x/libsam_sam3x8e_gcc_rel.a(uotghs_device.o)
                0x00082968                UDD_WaitIN
 .text.UDD_WaitOUT
                0x0008297c       0x14 C:/Applications/arduino-1.5.2/hardware/arduino/sam/variants/arduino_due_x/libsam_sam3x8e_gcc_rel.a(uotghs_device.o)
                0x0008297c                UDD_WaitOUT
 .text.UDD_ClearIN
                0x00082990       0x18 C:/Applications/arduino-1.5.2/hardware/arduino/sam/variants/arduino_due_x/libsam_sam3x8e_gcc_rel.a(uotghs_device.o)
                0x00082990                UDD_ClearIN
 .text.UDD_ClearOUT
                0x000829a8       0x18 C:/Applications/arduino-1.5.2/hardware/arduino/sam/variants/arduino_due_x/libsam_sam3x8e_gcc_rel.a(uotghs_device.o)
                0x000829a8                UDD_ClearOUT
 .text.UDD_ReceivedSetupInt
                0x000829c0       0x10 C:/Applications/arduino-1.5.2/hardware/arduino/sam/variants/arduino_due_x/libsam_sam3x8e_gcc_rel.a(uotghs_device.o)
                0x000829c0                UDD_ReceivedSetupInt
 .text.UDD_ClearSetupInt
                0x000829d0       0x10 C:/Applications/arduino-1.5.2/hardware/arduino/sam/variants/arduino_due_x/libsam_sam3x8e_gcc_rel.a(uotghs_device.o)
                0x000829d0                UDD_ClearSetupInt
 .text.UDD_Send
                0x000829e0       0x90 C:/Applications/arduino-1.5.2/hardware/arduino/sam/variants/arduino_due_x/libsam_sam3x8e_gcc_rel.a(uotghs_device.o)
                0x000829e0                UDD_Send
 .text.UDD_Send8
                0x00082a70       0x28 C:/Applications/arduino-1.5.2/hardware/arduino/sam/variants/arduino_due_x/libsam_sam3x8e_gcc_rel.a(uotghs_device.o)
                0x00082a70                UDD_Send8
 .text.UDD_Recv8
                0x00082a98       0x28 C:/Applications/arduino-1.5.2/hardware/arduino/sam/variants/arduino_due_x/libsam_sam3x8e_gcc_rel.a(uotghs_device.o)
                0x00082a98                UDD_Recv8
 .text.UDD_Recv
                0x00082ac0       0x34 C:/Applications/arduino-1.5.2/hardware/arduino/sam/variants/arduino_due_x/libsam_sam3x8e_gcc_rel.a(uotghs_device.o)
                0x00082ac0                UDD_Recv
 .text.UDD_Stall
                0x00082af4       0x14 C:/Applications/arduino-1.5.2/hardware/arduino/sam/variants/arduino_due_x/libsam_sam3x8e_gcc_rel.a(uotghs_device.o)
                0x00082af4                UDD_Stall
 .text.UDD_FifoByteCount
                0x00082b08       0x1c C:/Applications/arduino-1.5.2/hardware/arduino/sam/variants/arduino_due_x/libsam_sam3x8e_gcc_rel.a(uotghs_device.o)
                0x00082b08                UDD_FifoByteCount
 .text.UDD_ReleaseRX
                0x00082b24       0x2c C:/Applications/arduino-1.5.2/hardware/arduino/sam/variants/arduino_due_x/libsam_sam3x8e_gcc_rel.a(uotghs_device.o)
                0x00082b24                UDD_ReleaseRX
 .text.UDD_ReleaseTX
                0x00082b50       0x2c C:/Applications/arduino-1.5.2/hardware/arduino/sam/variants/arduino_due_x/libsam_sam3x8e_gcc_rel.a(uotghs_device.o)
                0x00082b50                UDD_ReleaseTX
 .text.UDD_SetAddress
                0x00082b7c       0x20 C:/Applications/arduino-1.5.2/hardware/arduino/sam/variants/arduino_due_x/libsam_sam3x8e_gcc_rel.a(uotghs_device.o)
                0x00082b7c                UDD_SetAddress
 .text._ZdlPv   0x00082b9c        0x8 c:/applications/arduino-1.5.2/hardware/tools/g++_arm_none_eabi/bin/../lib/gcc/arm-none-eabi/4.4.1/../../../../arm-none-eabi/lib/thumb2\libstdc++.a(del_op.o)
                0x00082b9c                operator delete(void*)
 .text.__aeabi_atexit
                0x00082ba4        0xc c:/applications/arduino-1.5.2/hardware/tools/g++_arm_none_eabi/bin/../lib/gcc/arm-none-eabi/4.4.1/../../../../arm-none-eabi/lib/thumb2\libstdc++.a(atexit_arm.o)
                0x00082ba4                __aeabi_atexit
 .text._Znwj    0x00082bb0       0x68 c:/applications/arduino-1.5.2/hardware/tools/g++_arm_none_eabi/bin/../lib/gcc/arm-none-eabi/4.4.1/../../../../arm-none-eabi/lib/thumb2\libstdc++.a(new_op.o)
                0x00082bb0                operator new(unsigned int)
 .text._ZL21base_of_encoded_valuehP15_Unwind_Context
                0x00082c18       0x4c c:/applications/arduino-1.5.2/hardware/tools/g++_arm_none_eabi/bin/../lib/gcc/arm-none-eabi/4.4.1/../../../../arm-none-eabi/lib/thumb2\libstdc++.a(eh_personality.o)
 .text._ZL17parse_lsda_headerP15_Unwind_ContextPKhP16lsda_header_info
                0x00082c64      0x190 c:/applications/arduino-1.5.2/hardware/tools/g++_arm_none_eabi/bin/../lib/gcc/arm-none-eabi/4.4.1/../../../../arm-none-eabi/lib/thumb2\libstdc++.a(eh_personality.o)
 .text.__gxx_personality_v0
                0x00082df4      0x754 c:/applications/arduino-1.5.2/hardware/tools/g++_arm_none_eabi/bin/../lib/gcc/arm-none-eabi/4.4.1/../../../../arm-none-eabi/lib/thumb2\libstdc++.a(eh_personality.o)
                0x00082df4                __gxx_personality_v0
 .text.__cxa_call_terminate
                0x00083548       0x50 c:/applications/arduino-1.5.2/hardware/tools/g++_arm_none_eabi/bin/../lib/gcc/arm-none-eabi/4.4.1/../../../../arm-none-eabi/lib/thumb2\libstdc++.a(eh_call.o)
                0x00083548                __cxa_call_terminate
 .text.__cxa_call_unexpected
                0x00083598      0x128 c:/applications/arduino-1.5.2/hardware/tools/g++_arm_none_eabi/bin/../lib/gcc/arm-none-eabi/4.4.1/../../../../arm-none-eabi/lib/thumb2\libstdc++.a(eh_call.o)
                0x00083598                __cxa_call_unexpected
 .text._GLOBAL__I___cxa_allocate_exception
                0x000836c0        0x4 c:/applications/arduino-1.5.2/hardware/tools/g++_arm_none_eabi/bin/../lib/gcc/arm-none-eabi/4.4.1/../../../../arm-none-eabi/lib/thumb2\libstdc++.a(eh_alloc.o)
 .text.__cxa_free_exception
                0x000836c4       0x38 c:/applications/arduino-1.5.2/hardware/tools/g++_arm_none_eabi/bin/../lib/gcc/arm-none-eabi/4.4.1/../../../../arm-none-eabi/lib/thumb2\libstdc++.a(eh_alloc.o)
                0x000836c4                __cxa_free_exception
 .text.__cxa_allocate_exception
                0x000836fc       0x90 c:/applications/arduino-1.5.2/hardware/tools/g++_arm_none_eabi/bin/../lib/gcc/arm-none-eabi/4.4.1/../../../../arm-none-eabi/lib/thumb2\libstdc++.a(eh_alloc.o)
                0x000836fc                __cxa_allocate_exception
 .text._ZN10__cxxabiv111__terminateEPFvvE
                0x0008378c       0x20 c:/applications/arduino-1.5.2/hardware/tools/g++_arm_none_eabi/bin/../lib/gcc/arm-none-eabi/4.4.1/../../../../arm-none-eabi/lib/thumb2\libstdc++.a(eh_terminate.o)
                0x0008378c                __cxxabiv1::__terminate(void (*)())
 .text._ZSt9terminatev
                0x000837ac       0x10 c:/applications/arduino-1.5.2/hardware/tools/g++_arm_none_eabi/bin/../lib/gcc/arm-none-eabi/4.4.1/../../../../arm-none-eabi/lib/thumb2\libstdc++.a(eh_terminate.o)
                0x000837ac                std::terminate()
 .text._ZN10__cxxabiv112__unexpectedEPFvvE
                0x000837bc        0x8 c:/applications/arduino-1.5.2/hardware/tools/g++_arm_none_eabi/bin/../lib/gcc/arm-none-eabi/4.4.1/../../../../arm-none-eabi/lib/thumb2\libstdc++.a(eh_terminate.o)
                0x000837bc                __cxxabiv1::__unexpected(void (*)())
 .text._ZSt10unexpectedv
                0x000837c4       0x10 c:/applications/arduino-1.5.2/hardware/tools/g++_arm_none_eabi/bin/../lib/gcc/arm-none-eabi/4.4.1/../../../../arm-none-eabi/lib/thumb2\libstdc++.a(eh_terminate.o)
                0x000837c4                std::unexpected()
 .text          0x000837d4        0xc c:/applications/arduino-1.5.2/hardware/tools/g++_arm_none_eabi/bin/../lib/gcc/arm-none-eabi/4.4.1/../../../../arm-none-eabi/lib/thumb2\libstdc++.a(eh_arm.o)
                0x000837d4                __cxa_end_cleanup
 .text.__cxa_type_match
                0x000837e0      0x100 c:/applications/arduino-1.5.2/hardware/tools/g++_arm_none_eabi/bin/../lib/gcc/arm-none-eabi/4.4.1/../../../../arm-none-eabi/lib/thumb2\libstdc++.a(eh_arm.o)
                0x000837e0                __cxa_type_match
 .text.__cxa_begin_cleanup
                0x000838e0       0x70 c:/applications/arduino-1.5.2/hardware/tools/g++_arm_none_eabi/bin/../lib/gcc/arm-none-eabi/4.4.1/../../../../arm-none-eabi/lib/thumb2\libstdc++.a(eh_arm.o)
                0x000838e0                __cxa_begin_cleanup
 .text.__gnu_end_cleanup
                0x00083950       0x74 c:/applications/arduino-1.5.2/hardware/tools/g++_arm_none_eabi/bin/../lib/gcc/arm-none-eabi/4.4.1/../../../../arm-none-eabi/lib/thumb2\libstdc++.a(eh_arm.o)
                0x00083950                __gnu_end_cleanup
 .text._ZNSt9type_infoD2Ev
                0x000839c4        0xc c:/applications/arduino-1.5.2/hardware/tools/g++_arm_none_eabi/bin/../lib/gcc/arm-none-eabi/4.4.1/../../../../arm-none-eabi/lib/thumb2\libstdc++.a(tinfo.o)
                0x000839c4                std::type_info::~type_info()
 .text._ZNSt9type_infoD1Ev
                0x000839d0        0xc c:/applications/arduino-1.5.2/hardware/tools/g++_arm_none_eabi/bin/../lib/gcc/arm-none-eabi/4.4.1/../../../../arm-none-eabi/lib/thumb2\libstdc++.a(tinfo.o)
                0x000839d0                std::type_info::~type_info()
 .text._ZNKSt9type_infoeqERKS_
                0x000839dc       0x10 c:/applications/arduino-1.5.2/hardware/tools/g++_arm_none_eabi/bin/../lib/gcc/arm-none-eabi/4.4.1/../../../../arm-none-eabi/lib/thumb2\libstdc++.a(tinfo.o)
                0x000839dc                std::type_info::operator==(std::type_info const&) const
 .text._ZNKSt9type_info14__is_pointer_pEv
                0x000839ec        0x4 c:/applications/arduino-1.5.2/hardware/tools/g++_arm_none_eabi/bin/../lib/gcc/arm-none-eabi/4.4.1/../../../../arm-none-eabi/lib/thumb2\libstdc++.a(tinfo.o)
                0x000839ec                std::type_info::__is_pointer_p() const
 .text._ZNKSt9type_info15__is_function_pEv
                0x000839f0        0x4 c:/applications/arduino-1.5.2/hardware/tools/g++_arm_none_eabi/bin/../lib/gcc/arm-none-eabi/4.4.1/../../../../arm-none-eabi/lib/thumb2\libstdc++.a(tinfo.o)
                0x000839f0                std::type_info::__is_function_p() const
 .text._ZNKSt9type_info10__do_catchEPKS_PPvj
                0x000839f4       0x10 c:/applications/arduino-1.5.2/hardware/tools/g++_arm_none_eabi/bin/../lib/gcc/arm-none-eabi/4.4.1/../../../../arm-none-eabi/lib/thumb2\libstdc++.a(tinfo.o)
                0x000839f4                std::type_info::__do_catch(std::type_info const*, void**, unsigned int) const
 .text._ZNKSt9type_info11__do_upcastEPKN10__cxxabiv117__class_type_infoEPPv
                0x00083a04        0x4 c:/applications/arduino-1.5.2/hardware/tools/g++_arm_none_eabi/bin/../lib/gcc/arm-none-eabi/4.4.1/../../../../arm-none-eabi/lib/thumb2\libstdc++.a(tinfo.o)
                0x00083a04                std::type_info::__do_upcast(__cxxabiv1::__class_type_info const*, void**) const
 .text._ZNSt9type_infoD0Ev
                0x00083a08       0x14 c:/applications/arduino-1.5.2/hardware/tools/g++_arm_none_eabi/bin/../lib/gcc/arm-none-eabi/4.4.1/../../../../arm-none-eabi/lib/thumb2\libstdc++.a(tinfo.o)
                0x00083a08                std::type_info::~type_info()
 .text.__cxa_bad_typeid
                0x00083a1c       0x24 c:/applications/arduino-1.5.2/hardware/tools/g++_arm_none_eabi/bin/../lib/gcc/arm-none-eabi/4.4.1/../../../../arm-none-eabi/lib/thumb2\libstdc++.a(eh_aux_runtime.o)
                0x00083a1c                __cxa_bad_typeid
 .text._ZN10__cxxabiv123__fundamental_type_infoD1Ev
                0x00083a40       0x14 c:/applications/arduino-1.5.2/hardware/tools/g++_arm_none_eabi/bin/../lib/gcc/arm-none-eabi/4.4.1/../../../../arm-none-eabi/lib/thumb2\libstdc++.a(fundamental_type_info.o)
                0x00083a40                __cxxabiv1::__fundamental_type_info::~__fundamental_type_info()
 .text._ZN10__cxxabiv123__fundamental_type_infoD0Ev
                0x00083a54       0x1c c:/applications/arduino-1.5.2/hardware/tools/g++_arm_none_eabi/bin/../lib/gcc/arm-none-eabi/4.4.1/../../../../arm-none-eabi/lib/thumb2\libstdc++.a(fundamental_type_info.o)
                0x00083a54                __cxxabiv1::__fundamental_type_info::~__fundamental_type_info()
 .text._ZNKSt9bad_alloc4whatEv
                0x00083a70        0xc c:/applications/arduino-1.5.2/hardware/tools/g++_arm_none_eabi/bin/../lib/gcc/arm-none-eabi/4.4.1/../../../../arm-none-eabi/lib/thumb2\libstdc++.a(new_handler.o)
                0x00083a70                std::bad_alloc::what() const
 .text._ZNSt9bad_allocD1Ev
                0x00083a7c       0x14 c:/applications/arduino-1.5.2/hardware/tools/g++_arm_none_eabi/bin/../lib/gcc/arm-none-eabi/4.4.1/../../../../arm-none-eabi/lib/thumb2\libstdc++.a(new_handler.o)
                0x00083a7c                std::bad_alloc::~bad_alloc()
 .text._ZNSt9bad_allocD0Ev
                0x00083a90       0x1c c:/applications/arduino-1.5.2/hardware/tools/g++_arm_none_eabi/bin/../lib/gcc/arm-none-eabi/4.4.1/../../../../arm-none-eabi/lib/thumb2\libstdc++.a(new_handler.o)
                0x00083a90                std::bad_alloc::~bad_alloc()
 .text._ZNK10__cxxabiv117__class_type_info11__do_upcastEPKS0_PPv
                0x00083aac       0x38 c:/applications/arduino-1.5.2/hardware/tools/g++_arm_none_eabi/bin/../lib/gcc/arm-none-eabi/4.4.1/../../../../arm-none-eabi/lib/thumb2\libstdc++.a(class_type_info.o)
                0x00083aac                __cxxabiv1::__class_type_info::__do_upcast(__cxxabiv1::__class_type_info const*, void**) const
 .text._ZNK10__cxxabiv117__class_type_info20__do_find_public_srcEiPKvPKS0_S2_
                0x00083ae4        0xc c:/applications/arduino-1.5.2/hardware/tools/g++_arm_none_eabi/bin/../lib/gcc/arm-none-eabi/4.4.1/../../../../arm-none-eabi/lib/thumb2\libstdc++.a(class_type_info.o)
                0x00083ae4                __cxxabiv1::__class_type_info::__do_find_public_src(int, void const*, __cxxabiv1::__class_type_info const*, void const*) const
 .text._ZNK10__cxxabiv117__class_type_info11__do_upcastEPKS0_PKvRNS0_15__upcast_resultE
                0x00083af0       0x1c c:/applications/arduino-1.5.2/hardware/tools/g++_arm_none_eabi/bin/../lib/gcc/arm-none-eabi/4.4.1/../../../../arm-none-eabi/lib/thumb2\libstdc++.a(class_type_info.o)
                0x00083af0                __cxxabiv1::__class_type_info::__do_upcast(__cxxabiv1::__class_type_info const*, void const*, __cxxabiv1::__class_type_info::__upcast_result&) const
 .text._ZNK10__cxxabiv117__class_type_info12__do_dyncastEiNS0_10__sub_kindEPKS0_PKvS3_S5_RNS0_16__dyncast_resultE
                0x00083b0c       0x3c c:/applications/arduino-1.5.2/hardware/tools/g++_arm_none_eabi/bin/../lib/gcc/arm-none-eabi/4.4.1/../../../../arm-none-eabi/lib/thumb2\libstdc++.a(class_type_info.o)
                0x00083b0c                __cxxabiv1::__class_type_info::__do_dyncast(int, __cxxabiv1::__class_type_info::__sub_kind, __cxxabiv1::__class_type_info const*, void const*, __cxxabiv1::__class_type_info const*, void const*, __cxxabiv1::__class_type_info::__dyncast_result&) const
 .text._ZNK10__cxxabiv117__class_type_info10__do_catchEPKSt9type_infoPPvj
                0x00083b48       0x28 c:/applications/arduino-1.5.2/hardware/tools/g++_arm_none_eabi/bin/../lib/gcc/arm-none-eabi/4.4.1/../../../../arm-none-eabi/lib/thumb2\libstdc++.a(class_type_info.o)
                0x00083b48                __cxxabiv1::__class_type_info::__do_catch(std::type_info const*, void**, unsigned int) const
 .text._ZN10__cxxabiv117__class_type_infoD1Ev
                0x00083b70       0x14 c:/applications/arduino-1.5.2/hardware/tools/g++_arm_none_eabi/bin/../lib/gcc/arm-none-eabi/4.4.1/../../../../arm-none-eabi/lib/thumb2\libstdc++.a(class_type_info.o)
                0x00083b70                __cxxabiv1::__class_type_info::~__class_type_info()
 .text._ZN10__cxxabiv117__class_type_infoD2Ev
                0x00083b84       0x14 c:/applications/arduino-1.5.2/hardware/tools/g++_arm_none_eabi/bin/../lib/gcc/arm-none-eabi/4.4.1/../../../../arm-none-eabi/lib/thumb2\libstdc++.a(class_type_info.o)
                0x00083b84                __cxxabiv1::__class_type_info::~__class_type_info()
 .text._ZN10__cxxabiv117__class_type_infoD0Ev
                0x00083b98       0x1c c:/applications/arduino-1.5.2/hardware/tools/g++_arm_none_eabi/bin/../lib/gcc/arm-none-eabi/4.4.1/../../../../arm-none-eabi/lib/thumb2\libstdc++.a(class_type_info.o)
                0x00083b98                __cxxabiv1::__class_type_info::~__class_type_info()
 .text._ZNSt9exceptionD2Ev
                0x00083bb4        0xc c:/applications/arduino-1.5.2/hardware/tools/g++_arm_none_eabi/bin/../lib/gcc/arm-none-eabi/4.4.1/../../../../arm-none-eabi/lib/thumb2\libstdc++.a(eh_exception.o)
                0x00083bb4                std::exception::~exception()
 .text._ZNSt9exceptionD1Ev
                0x00083bc0        0xc c:/applications/arduino-1.5.2/hardware/tools/g++_arm_none_eabi/bin/../lib/gcc/arm-none-eabi/4.4.1/../../../../arm-none-eabi/lib/thumb2\libstdc++.a(eh_exception.o)
                0x00083bc0                std::exception::~exception()
 .text._ZNSt13bad_exceptionD1Ev
                0x00083bcc        0xc c:/applications/arduino-1.5.2/hardware/tools/g++_arm_none_eabi/bin/../lib/gcc/arm-none-eabi/4.4.1/../../../../arm-none-eabi/lib/thumb2\libstdc++.a(eh_exception.o)
                0x00083bcc                std::bad_exception::~bad_exception()
 .text._ZNKSt9exception4whatEv
                0x00083bd8        0xc c:/applications/arduino-1.5.2/hardware/tools/g++_arm_none_eabi/bin/../lib/gcc/arm-none-eabi/4.4.1/../../../../arm-none-eabi/lib/thumb2\libstdc++.a(eh_exception.o)
                0x00083bd8                std::exception::what() const
 .text._ZNKSt13bad_exception4whatEv
                0x00083be4        0xc c:/applications/arduino-1.5.2/hardware/tools/g++_arm_none_eabi/bin/../lib/gcc/arm-none-eabi/4.4.1/../../../../arm-none-eabi/lib/thumb2\libstdc++.a(eh_exception.o)
                0x00083be4                std::bad_exception::what() const
 .text._ZNSt9exceptionD0Ev
                0x00083bf0       0x14 c:/applications/arduino-1.5.2/hardware/tools/g++_arm_none_eabi/bin/../lib/gcc/arm-none-eabi/4.4.1/../../../../arm-none-eabi/lib/thumb2\libstdc++.a(eh_exception.o)
                0x00083bf0                std::exception::~exception()
 .text._ZNSt13bad_exceptionD0Ev
                0x00083c04       0x14 c:/applications/arduino-1.5.2/hardware/tools/g++_arm_none_eabi/bin/../lib/gcc/arm-none-eabi/4.4.1/../../../../arm-none-eabi/lib/thumb2\libstdc++.a(eh_exception.o)
                0x00083c04                std::bad_exception::~bad_exception()
 .text.__cxa_rethrow
                0x00083c18       0x74 c:/applications/arduino-1.5.2/hardware/tools/g++_arm_none_eabi/bin/../lib/gcc/arm-none-eabi/4.4.1/../../../../arm-none-eabi/lib/thumb2\libstdc++.a(eh_throw.o)
                0x00083c18                __cxa_rethrow
 .text.__cxa_throw
                0x00083c8c       0x68 c:/applications/arduino-1.5.2/hardware/tools/g++_arm_none_eabi/bin/../lib/gcc/arm-none-eabi/4.4.1/../../../../arm-none-eabi/lib/thumb2\libstdc++.a(eh_throw.o)
                0x00083c8c                __cxa_throw
 .text._ZL23__gxx_exception_cleanup19_Unwind_Reason_CodeP21_Unwind_Control_Block
                0x00083cf4       0x2c c:/applications/arduino-1.5.2/hardware/tools/g++_arm_none_eabi/bin/../lib/gcc/arm-none-eabi/4.4.1/../../../../arm-none-eabi/lib/thumb2\libstdc++.a(eh_throw.o)
 .text.__cxa_end_catch
                0x00083d20       0x94 c:/applications/arduino-1.5.2/hardware/tools/g++_arm_none_eabi/bin/../lib/gcc/arm-none-eabi/4.4.1/../../../../arm-none-eabi/lib/thumb2\libstdc++.a(eh_catch.o)
                0x00083d20                __cxa_end_catch
 .text.__cxa_begin_catch
                0x00083db4       0x94 c:/applications/arduino-1.5.2/hardware/tools/g++_arm_none_eabi/bin/../lib/gcc/arm-none-eabi/4.4.1/../../../../arm-none-eabi/lib/thumb2\libstdc++.a(eh_catch.o)
                0x00083db4                __cxa_begin_catch
 .text._ZNK10__cxxabiv120__si_class_type_info11__do_upcastEPKNS_17__class_type_infoEPKvRNS1_15__upcast_resultE
                0x00083e48       0x28 c:/applications/arduino-1.5.2/hardware/tools/g++_arm_none_eabi/bin/../lib/gcc/arm-none-eabi/4.4.1/../../../../arm-none-eabi/lib/thumb2\libstdc++.a(si_class_type_info.o)
                0x00083e48                __cxxabiv1::__si_class_type_info::__do_upcast(__cxxabiv1::__class_type_info const*, void const*, __cxxabiv1::__class_type_info::__upcast_result&) const
 .text._ZNK10__cxxabiv120__si_class_type_info12__do_dyncastEiNS_17__class_type_info10__sub_kindEPKS1_PKvS4_S6_RNS1_16__dyncast_resultE
                0x00083e70       0x88 c:/applications/arduino-1.5.2/hardware/tools/g++_arm_none_eabi/bin/../lib/gcc/arm-none-eabi/4.4.1/../../../../arm-none-eabi/lib/thumb2\libstdc++.a(si_class_type_info.o)
                0x00083e70                __cxxabiv1::__si_class_type_info::__do_dyncast(int, __cxxabiv1::__class_type_info::__sub_kind, __cxxabiv1::__class_type_info const*, void const*, __cxxabiv1::__class_type_info const*, void const*, __cxxabiv1::__class_type_info::__dyncast_result&) const
 .text._ZNK10__cxxabiv120__si_class_type_info20__do_find_public_srcEiPKvPKNS_17__class_type_infoES2_
                0x00083ef8       0x38 c:/applications/arduino-1.5.2/hardware/tools/g++_arm_none_eabi/bin/../lib/gcc/arm-none-eabi/4.4.1/../../../../arm-none-eabi/lib/thumb2\libstdc++.a(si_class_type_info.o)
                0x00083ef8                __cxxabiv1::__si_class_type_info::__do_find_public_src(int, void const*, __cxxabiv1::__class_type_info const*, void const*) const
 .text._ZN10__cxxabiv120__si_class_type_infoD1Ev
                0x00083f30       0x14 c:/applications/arduino-1.5.2/hardware/tools/g++_arm_none_eabi/bin/../lib/gcc/arm-none-eabi/4.4.1/../../../../arm-none-eabi/lib/thumb2\libstdc++.a(si_class_type_info.o)
                0x00083f30                __cxxabiv1::__si_class_type_info::~__si_class_type_info()
 .text._ZN10__cxxabiv120__si_class_type_infoD0Ev
                0x00083f44       0x1c c:/applications/arduino-1.5.2/hardware/tools/g++_arm_none_eabi/bin/../lib/gcc/arm-none-eabi/4.4.1/../../../../arm-none-eabi/lib/thumb2\libstdc++.a(si_class_type_info.o)
                0x00083f44                __cxxabiv1::__si_class_type_info::~__si_class_type_info()
 .text._ZNKSt10bad_typeid4whatEv
                0x00083f60        0xc c:/applications/arduino-1.5.2/hardware/tools/g++_arm_none_eabi/bin/../lib/gcc/arm-none-eabi/4.4.1/../../../../arm-none-eabi/lib/thumb2\libstdc++.a(bad_typeid.o)
                0x00083f60                std::bad_typeid::what() const
 .text._ZNSt10bad_typeidD1Ev
                0x00083f6c       0x14 c:/applications/arduino-1.5.2/hardware/tools/g++_arm_none_eabi/bin/../lib/gcc/arm-none-eabi/4.4.1/../../../../arm-none-eabi/lib/thumb2\libstdc++.a(bad_typeid.o)
                0x00083f6c                std::bad_typeid::~bad_typeid()
 .text._ZNSt10bad_typeidD0Ev
                0x00083f80       0x1c c:/applications/arduino-1.5.2/hardware/tools/g++_arm_none_eabi/bin/../lib/gcc/arm-none-eabi/4.4.1/../../../../arm-none-eabi/lib/thumb2\libstdc++.a(bad_typeid.o)
                0x00083f80                std::bad_typeid::~bad_typeid()
 .text.__cxa_get_globals_fast
                0x00083f9c        0xc c:/applications/arduino-1.5.2/hardware/tools/g++_arm_none_eabi/bin/../lib/gcc/arm-none-eabi/4.4.1/../../../../arm-none-eabi/lib/thumb2\libstdc++.a(eh_globals.o)
                0x00083f9c                __cxa_get_globals_fast
 .text.__cxa_get_globals
                0x00083fa8        0xc c:/applications/arduino-1.5.2/hardware/tools/g++_arm_none_eabi/bin/../lib/gcc/arm-none-eabi/4.4.1/../../../../arm-none-eabi/lib/thumb2\libstdc++.a(eh_globals.o)
                0x00083fa8                __cxa_get_globals
 .text._ZN9__gnu_cxx27__verbose_terminate_handlerEv
                0x00083fb4      0x140 c:/applications/arduino-1.5.2/hardware/tools/g++_arm_none_eabi/bin/../lib/gcc/arm-none-eabi/4.4.1/../../../../arm-none-eabi/lib/thumb2\libstdc++.a(vterminate.o)
                0x00083fb4                __gnu_cxx::__verbose_terminate_handler()
 .text._ZNK10__cxxabiv119__pointer_type_info14__is_pointer_pEv
                0x000840f4        0x4 c:/applications/arduino-1.5.2/hardware/tools/g++_arm_none_eabi/bin/../lib/gcc/arm-none-eabi/4.4.1/../../../../arm-none-eabi/lib/thumb2\libstdc++.a(pointer_type_info.o)
                0x000840f4                __cxxabiv1::__pointer_type_info::__is_pointer_p() const
 .text._ZNK10__cxxabiv119__pointer_type_info15__pointer_catchEPKNS_17__pbase_type_infoEPPvj
                0x000840f8       0x4c c:/applications/arduino-1.5.2/hardware/tools/g++_arm_none_eabi/bin/../lib/gcc/arm-none-eabi/4.4.1/../../../../arm-none-eabi/lib/thumb2\libstdc++.a(pointer_type_info.o)
                0x000840f8                __cxxabiv1::__pointer_type_info::__pointer_catch(__cxxabiv1::__pbase_type_info const*, void**, unsigned int) const
 .text._ZN10__cxxabiv119__pointer_type_infoD1Ev
                0x00084144       0x14 c:/applications/arduino-1.5.2/hardware/tools/g++_arm_none_eabi/bin/../lib/gcc/arm-none-eabi/4.4.1/../../../../arm-none-eabi/lib/thumb2\libstdc++.a(pointer_type_info.o)
                0x00084144                __cxxabiv1::__pointer_type_info::~__pointer_type_info()
 .text._ZN10__cxxabiv119__pointer_type_infoD0Ev
                0x00084158       0x1c c:/applications/arduino-1.5.2/hardware/tools/g++_arm_none_eabi/bin/../lib/gcc/arm-none-eabi/4.4.1/../../../../arm-none-eabi/lib/thumb2\libstdc++.a(pointer_type_info.o)
                0x00084158                __cxxabiv1::__pointer_type_info::~__pointer_type_info()
 .text.__cxa_current_exception_type
                0x00084174       0x1c c:/applications/arduino-1.5.2/hardware/tools/g++_arm_none_eabi/bin/../lib/gcc/arm-none-eabi/4.4.1/../../../../arm-none-eabi/lib/thumb2\libstdc++.a(eh_type.o)
                0x00084174                __cxa_current_exception_type
 .text          0x00084190     0x38b8 c:/applications/arduino-1.5.2/hardware/tools/g++_arm_none_eabi/bin/../lib/gcc/arm-none-eabi/4.4.1/../../../../arm-none-eabi/lib/thumb2\libstdc++.a(cp-demangle.o)
                0x000875b8                __gcclibcxx_demangle_callback
                0x000875e8                __cxa_demangle
 .text._ZNK10__cxxabiv117__pbase_type_info15__pointer_catchEPKS0_PPvj
                0x00087a48       0x14 c:/applications/arduino-1.5.2/hardware/tools/g++_arm_none_eabi/bin/../lib/gcc/arm-none-eabi/4.4.1/../../../../arm-none-eabi/lib/thumb2\libstdc++.a(pbase_type_info.o)
                0x00087a48                __cxxabiv1::__pbase_type_info::__pointer_catch(__cxxabiv1::__pbase_type_info const*, void**, unsigned int) const
 .text._ZNK10__cxxabiv117__pbase_type_info10__do_catchEPKSt9type_infoPPvj
                0x00087a5c       0x68 c:/applications/arduino-1.5.2/hardware/tools/g++_arm_none_eabi/bin/../lib/gcc/arm-none-eabi/4.4.1/../../../../arm-none-eabi/lib/thumb2\libstdc++.a(pbase_type_info.o)
                0x00087a5c                __cxxabiv1::__pbase_type_info::__do_catch(std::type_info const*, void**, unsigned int) const
 .text._ZN10__cxxabiv117__pbase_type_infoD1Ev
                0x00087ac4       0x14 c:/applications/arduino-1.5.2/hardware/tools/g++_arm_none_eabi/bin/../lib/gcc/arm-none-eabi/4.4.1/../../../../arm-none-eabi/lib/thumb2\libstdc++.a(pbase_type_info.o)
                0x00087ac4                __cxxabiv1::__pbase_type_info::~__pbase_type_info()
 .text._ZN10__cxxabiv117__pbase_type_infoD2Ev
                0x00087ad8       0x14 c:/applications/arduino-1.5.2/hardware/tools/g++_arm_none_eabi/bin/../lib/gcc/arm-none-eabi/4.4.1/../../../../arm-none-eabi/lib/thumb2\libstdc++.a(pbase_type_info.o)
                0x00087ad8                __cxxabiv1::__pbase_type_info::~__pbase_type_info()
 .text._ZN10__cxxabiv117__pbase_type_infoD0Ev
                0x00087aec       0x1c c:/applications/arduino-1.5.2/hardware/tools/g++_arm_none_eabi/bin/../lib/gcc/arm-none-eabi/4.4.1/../../../../arm-none-eabi/lib/thumb2\libstdc++.a(pbase_type_info.o)
                0x00087aec                __cxxabiv1::__pbase_type_info::~__pbase_type_info()
 .text          0x00087b08       0x24 c:/applications/arduino-1.5.2/hardware/tools/g++_arm_none_eabi/bin/../lib/gcc/arm-none-eabi/4.4.1/../../../../arm-none-eabi/lib/thumb2\libm.a(lib_a-s_isinfd.o)
                0x00087b08                __isinfd
 .text          0x00087b2c       0x1c c:/applications/arduino-1.5.2/hardware/tools/g++_arm_none_eabi/bin/../lib/gcc/arm-none-eabi/4.4.1/../../../../arm-none-eabi/lib/thumb2\libm.a(lib_a-s_isnand.o)
                0x00087b2c                __isnand
 .text          0x00087b48      0x370 c:/applications/arduino-1.5.2/hardware/tools/g++_arm_none_eabi/bin/../lib/gcc/arm-none-eabi/4.4.1/thumb2\libgcc.a(_arm_addsubdf3.o)
                0x00087b48                __aeabi_drsub
                0x00087b50                __aeabi_dsub
                0x00087b50                __subdf3
                0x00087b54                __aeabi_dadd
                0x00087b54                __adddf3
                0x00087dcc                __floatunsidf
                0x00087dcc                __aeabi_ui2d
                0x00087dec                __floatsidf
                0x00087dec                __aeabi_i2d
                0x00087e10                __aeabi_f2d
                0x00087e10                __extendsfdf2
                0x00087e4c                __floatundidf
                0x00087e4c                __aeabi_ul2d
                0x00087e5c                __floatdidf
                0x00087e5c                __aeabi_l2d
 .text          0x00087eb8      0x424 c:/applications/arduino-1.5.2/hardware/tools/g++_arm_none_eabi/bin/../lib/gcc/arm-none-eabi/4.4.1/thumb2\libgcc.a(_arm_muldivdf3.o)
                0x00087eb8                __aeabi_dmul
                0x00087eb8                __muldf3
                0x0008810c                __divdf3
                0x0008810c                __aeabi_ddiv
 .text          0x000882dc      0x110 c:/applications/arduino-1.5.2/hardware/tools/g++_arm_none_eabi/bin/../lib/gcc/arm-none-eabi/4.4.1/thumb2\libgcc.a(_arm_cmpdf2.o)
                0x000882dc                __gtdf2
                0x000882dc                __gedf2
                0x000882e4                __ltdf2
                0x000882e4                __ledf2
                0x000882ec                __nedf2
                0x000882ec                __eqdf2
                0x000882ec                __cmpdf2
                0x00088368                __aeabi_cdrcmple
                0x00088378                __aeabi_cdcmpeq
                0x00088378                __aeabi_cdcmple
                0x00088388                __aeabi_dcmpeq
                0x0008839c                __aeabi_dcmplt
                0x000883b0                __aeabi_dcmple
                0x000883c4                __aeabi_dcmpge
                0x000883d8                __aeabi_dcmpgt
 .text          0x000883ec       0x50 c:/applications/arduino-1.5.2/hardware/tools/g++_arm_none_eabi/bin/../lib/gcc/arm-none-eabi/4.4.1/thumb2\libgcc.a(_arm_fixdfsi.o)
                0x000883ec                __aeabi_d2iz
                0x000883ec                __fixdfsi
 .text          0x0008843c      0xc58 c:/applications/arduino-1.5.2/hardware/tools/g++_arm_none_eabi/bin/../lib/gcc/arm-none-eabi/4.4.1/thumb2\libgcc.a(unwind-arm.o)
                0x00088448                _Unwind_VRS_Get
                0x00088490                _Unwind_VRS_Set
                0x00088550                _Unwind_GetCFA
                0x00088554                _Unwind_Complete
                0x00088558                _Unwind_DeleteException
                0x000888a8                __aeabi_unwind_cpp_pr2
                0x000888ac                __aeabi_unwind_cpp_pr1
                0x000888b0                __aeabi_unwind_cpp_pr0
                0x000889ec                __gnu_Unwind_Backtrace
                0x00088bb8                __gnu_Unwind_ForcedUnwind
                0x00088bfc                __gnu_Unwind_RaiseException
                0x00088c80                __gnu_Unwind_Resume_or_Rethrow
                0x00088c94                __gnu_Unwind_Resume
                0x00088cd0                _Unwind_VRS_Pop
 .text          0x00089094      0x1ac c:/applications/arduino-1.5.2/hardware/tools/g++_arm_none_eabi/bin/../lib/gcc/arm-none-eabi/4.4.1/thumb2\libgcc.a(libunwind.o)
                0x00089094                __restore_core_regs
                0x00089094                restore_core_regs
                0x000890ac                __gnu_Unwind_Restore_VFP
                0x000890b4                __gnu_Unwind_Save_VFP
                0x000890bc                __gnu_Unwind_Restore_VFP_D
                0x000890c4                __gnu_Unwind_Save_VFP_D
                0x000890cc                __gnu_Unwind_Restore_VFP_D_16_to_31
                0x000890d4                __gnu_Unwind_Save_VFP_D_16_to_31
                0x000890dc                __gnu_Unwind_Restore_WMMXD
                0x00089120                __gnu_Unwind_Save_WMMXD
                0x00089164                __gnu_Unwind_Restore_WMMXC
                0x00089178                __gnu_Unwind_Save_WMMXC
                0x0008918c                ___Unwind_RaiseException
                0x0008918c                _Unwind_RaiseException
                0x000891b0                _Unwind_Resume
                0x000891b0                ___Unwind_Resume
                0x000891d4                _Unwind_Resume_or_Rethrow
                0x000891d4                ___Unwind_Resume_or_Rethrow
                0x000891f8                _Unwind_ForcedUnwind
                0x000891f8                ___Unwind_ForcedUnwind
                0x0008921c                ___Unwind_Backtrace
                0x0008921c                _Unwind_Backtrace
 .text          0x00089240      0x3b8 c:/applications/arduino-1.5.2/hardware/tools/g++_arm_none_eabi/bin/../lib/gcc/arm-none-eabi/4.4.1/thumb2\libgcc.a(pr-support.o)
                0x00089278                _Unwind_GetTextRelBase
                0x00089280                _Unwind_GetDataRelBase
                0x000892a4                _Unwind_GetLanguageSpecificData
                0x000892b8                _Unwind_GetRegionStart
                0x000892c4                __gnu_unwind_execute
                0x000895cc                __gnu_unwind_frame
 .text          0x000895f8       0x10 c:/applications/arduino-1.5.2/hardware/tools/g++_arm_none_eabi/bin/../lib/gcc/arm-none-eabi/4.4.1/../../../../arm-none-eabi/lib/thumb2\libc.a(lib_a-abort.o)
                0x000895f8                abort
 .text          0x00089608       0x54 c:/applications/arduino-1.5.2/hardware/tools/g++_arm_none_eabi/bin/../lib/gcc/arm-none-eabi/4.4.1/../../../../arm-none-eabi/lib/thumb2\libc.a(lib_a-assert.o)
                0x00089608                __assert_func
                0x00089650                __assert
 .text          0x0008965c       0x10 c:/applications/arduino-1.5.2/hardware/tools/g++_arm_none_eabi/bin/../lib/gcc/arm-none-eabi/4.4.1/../../../../arm-none-eabi/lib/thumb2\libc.a(lib_a-cxa_atexit.o)
                0x0008965c                __cxa_atexit
 .text          0x0008966c       0x4c c:/applications/arduino-1.5.2/hardware/tools/g++_arm_none_eabi/bin/../lib/gcc/arm-none-eabi/4.4.1/../../../../arm-none-eabi/lib/thumb2\libc.a(lib_a-fiprintf.o)
                0x0008966c                fiprintf
                0x00089698                _fiprintf_r
 .text          0x000896b8       0xac c:/applications/arduino-1.5.2/hardware/tools/g++_arm_none_eabi/bin/../lib/gcc/arm-none-eabi/4.4.1/../../../../arm-none-eabi/lib/thumb2\libc.a(lib_a-fputc.o)
                0x000896b8                fputc
                0x00089710                _fputc_r
 .text          0x00089764       0x90 c:/applications/arduino-1.5.2/hardware/tools/g++_arm_none_eabi/bin/../lib/gcc/arm-none-eabi/4.4.1/../../../../arm-none-eabi/lib/thumb2\libc.a(lib_a-fputs.o)
                0x00089764                _fputs_r
                0x000897e4                fputs
 .text          0x000897f4      0x334 c:/applications/arduino-1.5.2/hardware/tools/g++_arm_none_eabi/bin/../lib/gcc/arm-none-eabi/4.4.1/../../../../arm-none-eabi/lib/thumb2\libc.a(lib_a-fvwrite.o)
                0x000897f4                __sfvwrite_r
 .text          0x00089b28       0xc0 c:/applications/arduino-1.5.2/hardware/tools/g++_arm_none_eabi/bin/../lib/gcc/arm-none-eabi/4.4.1/../../../../arm-none-eabi/lib/thumb2\libc.a(lib_a-fwrite.o)
                0x00089b28                _fwrite_r
                0x00089bc4                fwrite
 .text          0x00089be8       0x50 c:/applications/arduino-1.5.2/hardware/tools/g++_arm_none_eabi/bin/../lib/gcc/arm-none-eabi/4.4.1/../../../../arm-none-eabi/lib/thumb2\libc.a(lib_a-init.o)
                0x00089be8                __libc_init_array
 .text          0x00089c38       0x64 c:/applications/arduino-1.5.2/hardware/tools/g++_arm_none_eabi/bin/../lib/gcc/arm-none-eabi/4.4.1/../../../../arm-none-eabi/lib/thumb2\libc.a(lib_a-iprintf.o)
                0x00089c38                _iprintf_r
                0x00089c64                iprintf
 .text          0x00089c9c       0x20 c:/applications/arduino-1.5.2/hardware/tools/g++_arm_none_eabi/bin/../lib/gcc/arm-none-eabi/4.4.1/../../../../arm-none-eabi/lib/thumb2\libc.a(lib_a-malloc.o)
                0x00089c9c                free
                0x00089cac                malloc
 .text          0x00089cbc      0x5a4 c:/applications/arduino-1.5.2/hardware/tools/g++_arm_none_eabi/bin/../lib/gcc/arm-none-eabi/4.4.1/../../../../arm-none-eabi/lib/thumb2\libc.a(lib_a-mallocr.o)
                0x00089cbc                _malloc_r
 .text          0x0008a260       0x74 c:/applications/arduino-1.5.2/hardware/tools/g++_arm_none_eabi/bin/../lib/gcc/arm-none-eabi/4.4.1/../../../../arm-none-eabi/lib/thumb2\libc.a(lib_a-memchr.o)
                0x0008a260                memchr
 .text          0x0008a2d4       0x64 c:/applications/arduino-1.5.2/hardware/tools/g++_arm_none_eabi/bin/../lib/gcc/arm-none-eabi/4.4.1/../../../../arm-none-eabi/lib/thumb2\libc.a(lib_a-memcmp.o)
                0x0008a2d4                memcmp
 .text          0x0008a338      0x190 c:/applications/arduino-1.5.2/hardware/tools/g++_arm_none_eabi/bin/../lib/gcc/arm-none-eabi/4.4.1/../../../../arm-none-eabi/lib/thumb2\libc.a(lib_a-memcpy.o)
                0x0008a338                memcpy
 .text          0x0008a4c8       0xb8 c:/applications/arduino-1.5.2/hardware/tools/g++_arm_none_eabi/bin/../lib/gcc/arm-none-eabi/4.4.1/../../../../arm-none-eabi/lib/thumb2\libc.a(lib_a-memmove.o)
                0x0008a4c8                memmove
 .text          0x0008a580       0xd4 c:/applications/arduino-1.5.2/hardware/tools/g++_arm_none_eabi/bin/../lib/gcc/arm-none-eabi/4.4.1/../../../../arm-none-eabi/lib/thumb2\libc.a(lib_a-memset.o)
                0x0008a580                memset
 .text          0x0008a654        0x8 c:/applications/arduino-1.5.2/hardware/tools/g++_arm_none_eabi/bin/../lib/gcc/arm-none-eabi/4.4.1/../../../../arm-none-eabi/lib/thumb2\libc.a(lib_a-mlock.o)
                0x0008a654                __malloc_lock
                0x0008a658                __malloc_unlock
 .text          0x0008a65c      0x138 c:/applications/arduino-1.5.2/hardware/tools/g++_arm_none_eabi/bin/../lib/gcc/arm-none-eabi/4.4.1/../../../../arm-none-eabi/lib/thumb2\libc.a(lib_a-putc.o)
                0x0008a65c                putc
                0x0008a704                _putc_r
 .text          0x0008a794       0x14 c:/applications/arduino-1.5.2/hardware/tools/g++_arm_none_eabi/bin/../lib/gcc/arm-none-eabi/4.4.1/../../../../arm-none-eabi/lib/thumb2\libc.a(lib_a-realloc.o)
                0x0008a794                realloc
 .text          0x0008a7a8      0x3b4 c:/applications/arduino-1.5.2/hardware/tools/g++_arm_none_eabi/bin/../lib/gcc/arm-none-eabi/4.4.1/../../../../arm-none-eabi/lib/thumb2\libc.a(lib_a-reallocr.o)
                0x0008a7a8                _realloc_r
 .text          0x0008ab5c       0x28 c:/applications/arduino-1.5.2/hardware/tools/g++_arm_none_eabi/bin/../lib/gcc/arm-none-eabi/4.4.1/../../../../arm-none-eabi/lib/thumb2\libc.a(lib_a-sbrkr.o)
                0x0008ab5c                _sbrk_r
 .text          0x0008ab84      0x14c c:/applications/arduino-1.5.2/hardware/tools/g++_arm_none_eabi/bin/../lib/gcc/arm-none-eabi/4.4.1/../../../../arm-none-eabi/lib/thumb2\libc.a(lib_a-signal.o)
                0x0008ab84                _raise_r
                0x0008abdc                raise
                0x0008abec                _init_signal_r
                0x0008ac14                _init_signal
                0x0008ac20                __sigtramp_r
                0x0008ac74                __sigtramp
                0x0008ac84                _signal_r
                0x0008acc0                signal
 .text          0x0008acd0       0x30 c:/applications/arduino-1.5.2/hardware/tools/g++_arm_none_eabi/bin/../lib/gcc/arm-none-eabi/4.4.1/../../../../arm-none-eabi/lib/thumb2\libc.a(lib_a-signalr.o)
                0x0008acd0                _getpid_r
                0x0008acd4                _kill_r
 .text          0x0008ad00       0x94 c:/applications/arduino-1.5.2/hardware/tools/g++_arm_none_eabi/bin/../lib/gcc/arm-none-eabi/4.4.1/../../../../arm-none-eabi/lib/thumb2\libc.a(lib_a-sprintf.o)
                0x0008ad00                sprintf
                0x0008ad50                _sprintf_r
 .text          0x0008ad94      0x1dc c:/applications/arduino-1.5.2/hardware/tools/g++_arm_none_eabi/bin/../lib/gcc/arm-none-eabi/4.4.1/../../../../arm-none-eabi/lib/thumb2\libc.a(lib_a-strcmp.o)
                0x0008ad94                strcmp
 .text          0x0008af70       0xbc c:/applications/arduino-1.5.2/hardware/tools/g++_arm_none_eabi/bin/../lib/gcc/arm-none-eabi/4.4.1/../../../../arm-none-eabi/lib/thumb2\libc.a(lib_a-strcpy.o)
                0x0008af70                strcpy
 .text          0x0008b02c       0x60 c:/applications/arduino-1.5.2/hardware/tools/g++_arm_none_eabi/bin/../lib/gcc/arm-none-eabi/4.4.1/../../../../arm-none-eabi/lib/thumb2\libc.a(lib_a-strlen.o)
                0x0008b02c                strlen
 .text          0x0008b08c       0xa8 c:/applications/arduino-1.5.2/hardware/tools/g++_arm_none_eabi/bin/../lib/gcc/arm-none-eabi/4.4.1/../../../../arm-none-eabi/lib/thumb2\libc.a(lib_a-strncmp.o)
                0x0008b08c                strncmp
 .text          0x0008b134     0x15a8 c:/applications/arduino-1.5.2/hardware/tools/g++_arm_none_eabi/bin/../lib/gcc/arm-none-eabi/4.4.1/../../../../arm-none-eabi/lib/thumb2\libc.a(lib_a-svfprintf.o)
                0x0008b250                _svfprintf_r
 .text          0x0008c6dc      0xd38 c:/applications/arduino-1.5.2/hardware/tools/g++_arm_none_eabi/bin/../lib/gcc/arm-none-eabi/4.4.1/../../../../arm-none-eabi/lib/thumb2\libc.a(lib_a-vfiprintf.o)
                0x0008c6f8                _vfiprintf_r
                0x0008d3f8                vfiprintf
 .text          0x0008d414       0xf8 c:/applications/arduino-1.5.2/hardware/tools/g++_arm_none_eabi/bin/../lib/gcc/arm-none-eabi/4.4.1/../../../../arm-none-eabi/lib/thumb2\libc.a(lib_a-wbuf.o)
                0x0008d414                __swbuf_r
                0x0008d4fc                __swbuf
 .text          0x0008d50c      0x104 c:/applications/arduino-1.5.2/hardware/tools/g++_arm_none_eabi/bin/../lib/gcc/arm-none-eabi/4.4.1/../../../../arm-none-eabi/lib/thumb2\libc.a(lib_a-wsetup.o)
                0x0008d50c                __swsetup_r
 .text          0x0008d610       0xe8 c:/applications/arduino-1.5.2/hardware/tools/g++_arm_none_eabi/bin/../lib/gcc/arm-none-eabi/4.4.1/../../../../arm-none-eabi/lib/thumb2\libc.a(lib_a-__atexit.o)
                0x0008d610                __register_exitproc
 .text          0x0008d6f8      0xfb8 c:/applications/arduino-1.5.2/hardware/tools/g++_arm_none_eabi/bin/../lib/gcc/arm-none-eabi/4.4.1/../../../../arm-none-eabi/lib/thumb2\libc.a(lib_a-dtoa.o)
                0x0008d818                _dtoa_r
 .text          0x0008e6b0      0x178 c:/applications/arduino-1.5.2/hardware/tools/g++_arm_none_eabi/bin/../lib/gcc/arm-none-eabi/4.4.1/../../../../arm-none-eabi/lib/thumb2\libc.a(lib_a-fflush.o)
                0x0008e6b0                _fflush_r
                0x0008e800                fflush
 .text          0x0008e828      0x1c8 c:/applications/arduino-1.5.2/hardware/tools/g++_arm_none_eabi/bin/../lib/gcc/arm-none-eabi/4.4.1/../../../../arm-none-eabi/lib/thumb2\libc.a(lib_a-findfp.o)
                0x0008e828                __sfp_lock_acquire
                0x0008e82c                __sfp_lock_release
                0x0008e830                __sinit_lock_acquire
                0x0008e834                __sinit_lock_release
                0x0008e840                __fp_unlock_all
                0x0008e858                __fp_lock_all
                0x0008e870                _cleanup_r
                0x0008e87c                _cleanup
                0x0008e8d8                __sfmoreglue
                0x0008e908                __sfp
                0x0008e990                __sinit
 .text          0x0008e9f0      0x268 c:/applications/arduino-1.5.2/hardware/tools/g++_arm_none_eabi/bin/../lib/gcc/arm-none-eabi/4.4.1/../../../../arm-none-eabi/lib/thumb2\libc.a(lib_a-freer.o)
                0x0008e9f0                _malloc_trim_r
                0x0008ea98                _free_r
 .text          0x0008ec58       0xa0 c:/applications/arduino-1.5.2/hardware/tools/g++_arm_none_eabi/bin/../lib/gcc/arm-none-eabi/4.4.1/../../../../arm-none-eabi/lib/thumb2\libc.a(lib_a-fwalk.o)